Archive member included to satisfy reference by file (symbol)

C:/ST/STM32CubeIDE_1.18.1/STM32CubeIDE/plugins/com.st.stm32cube.ide.mcu.externaltools.gnu-tools-for-stm32.13.3.rel1.win32_1.0.0.202411081344/tools/bin/../lib/gcc/arm-none-eabi/13.3.1/../../../../arm-none-eabi/lib/thumb/v7e-m+fp/hard\libc_nano.a(libc_a-exit.o)
                              C:/ST/STM32CubeIDE_1.18.1/STM32CubeIDE/plugins/com.st.stm32cube.ide.mcu.externaltools.gnu-tools-for-stm32.13.3.rel1.win32_1.0.0.202411081344/tools/bin/../lib/gcc/arm-none-eabi/13.3.1/../../../../arm-none-eabi/lib/thumb/v7e-m+fp/hard/crt0.o (exit)
C:/ST/STM32CubeIDE_1.18.1/STM32CubeIDE/plugins/com.st.stm32cube.ide.mcu.externaltools.gnu-tools-for-stm32.13.3.rel1.win32_1.0.0.202411081344/tools/bin/../lib/gcc/arm-none-eabi/13.3.1/../../../../arm-none-eabi/lib/thumb/v7e-m+fp/hard\libc_nano.a(libc_a-findfp.o)
                              C:/ST/STM32CubeIDE_1.18.1/STM32CubeIDE/plugins/com.st.stm32cube.ide.mcu.externaltools.gnu-tools-for-stm32.13.3.rel1.win32_1.0.0.202411081344/tools/bin/../lib/gcc/arm-none-eabi/13.3.1/../../../../arm-none-eabi/lib/thumb/v7e-m+fp/hard\libc_nano.a(libc_a-exit.o) (__stdio_exit_handler)
C:/ST/STM32CubeIDE_1.18.1/STM32CubeIDE/plugins/com.st.stm32cube.ide.mcu.externaltools.gnu-tools-for-stm32.13.3.rel1.win32_1.0.0.202411081344/tools/bin/../lib/gcc/arm-none-eabi/13.3.1/../../../../arm-none-eabi/lib/thumb/v7e-m+fp/hard\libc_nano.a(libc_a-fwalk.o)
                              C:/ST/STM32CubeIDE_1.18.1/STM32CubeIDE/plugins/com.st.stm32cube.ide.mcu.externaltools.gnu-tools-for-stm32.13.3.rel1.win32_1.0.0.202411081344/tools/bin/../lib/gcc/arm-none-eabi/13.3.1/../../../../arm-none-eabi/lib/thumb/v7e-m+fp/hard\libc_nano.a(libc_a-findfp.o) (_fwalk_sglue)
C:/ST/STM32CubeIDE_1.18.1/STM32CubeIDE/plugins/com.st.stm32cube.ide.mcu.externaltools.gnu-tools-for-stm32.13.3.rel1.win32_1.0.0.202411081344/tools/bin/../lib/gcc/arm-none-eabi/13.3.1/../../../../arm-none-eabi/lib/thumb/v7e-m+fp/hard\libc_nano.a(libc_a-stdio.o)
                              C:/ST/STM32CubeIDE_1.18.1/STM32CubeIDE/plugins/com.st.stm32cube.ide.mcu.externaltools.gnu-tools-for-stm32.13.3.rel1.win32_1.0.0.202411081344/tools/bin/../lib/gcc/arm-none-eabi/13.3.1/../../../../arm-none-eabi/lib/thumb/v7e-m+fp/hard\libc_nano.a(libc_a-findfp.o) (__sread)
C:/ST/STM32CubeIDE_1.18.1/STM32CubeIDE/plugins/com.st.stm32cube.ide.mcu.externaltools.gnu-tools-for-stm32.13.3.rel1.win32_1.0.0.202411081344/tools/bin/../lib/gcc/arm-none-eabi/13.3.1/../../../../arm-none-eabi/lib/thumb/v7e-m+fp/hard\libc_nano.a(libc_a-memset.o)
                              C:/ST/STM32CubeIDE_1.18.1/STM32CubeIDE/plugins/com.st.stm32cube.ide.mcu.externaltools.gnu-tools-for-stm32.13.3.rel1.win32_1.0.0.202411081344/tools/bin/../lib/gcc/arm-none-eabi/13.3.1/../../../../arm-none-eabi/lib/thumb/v7e-m+fp/hard/crt0.o (memset)
C:/ST/STM32CubeIDE_1.18.1/STM32CubeIDE/plugins/com.st.stm32cube.ide.mcu.externaltools.gnu-tools-for-stm32.13.3.rel1.win32_1.0.0.202411081344/tools/bin/../lib/gcc/arm-none-eabi/13.3.1/../../../../arm-none-eabi/lib/thumb/v7e-m+fp/hard\libc_nano.a(libc_a-closer.o)
                              C:/ST/STM32CubeIDE_1.18.1/STM32CubeIDE/plugins/com.st.stm32cube.ide.mcu.externaltools.gnu-tools-for-stm32.13.3.rel1.win32_1.0.0.202411081344/tools/bin/../lib/gcc/arm-none-eabi/13.3.1/../../../../arm-none-eabi/lib/thumb/v7e-m+fp/hard\libc_nano.a(libc_a-stdio.o) (_close_r)
C:/ST/STM32CubeIDE_1.18.1/STM32CubeIDE/plugins/com.st.stm32cube.ide.mcu.externaltools.gnu-tools-for-stm32.13.3.rel1.win32_1.0.0.202411081344/tools/bin/../lib/gcc/arm-none-eabi/13.3.1/../../../../arm-none-eabi/lib/thumb/v7e-m+fp/hard\libc_nano.a(libc_a-reent.o)
                              C:/ST/STM32CubeIDE_1.18.1/STM32CubeIDE/plugins/com.st.stm32cube.ide.mcu.externaltools.gnu-tools-for-stm32.13.3.rel1.win32_1.0.0.202411081344/tools/bin/../lib/gcc/arm-none-eabi/13.3.1/../../../../arm-none-eabi/lib/thumb/v7e-m+fp/hard\libc_nano.a(libc_a-closer.o) (errno)
C:/ST/STM32CubeIDE_1.18.1/STM32CubeIDE/plugins/com.st.stm32cube.ide.mcu.externaltools.gnu-tools-for-stm32.13.3.rel1.win32_1.0.0.202411081344/tools/bin/../lib/gcc/arm-none-eabi/13.3.1/../../../../arm-none-eabi/lib/thumb/v7e-m+fp/hard\libc_nano.a(libc_a-impure.o)
                              C:/ST/STM32CubeIDE_1.18.1/STM32CubeIDE/plugins/com.st.stm32cube.ide.mcu.externaltools.gnu-tools-for-stm32.13.3.rel1.win32_1.0.0.202411081344/tools/bin/../lib/gcc/arm-none-eabi/13.3.1/../../../../arm-none-eabi/lib/thumb/v7e-m+fp/hard\libc_nano.a(libc_a-reent.o) (_impure_ptr)
C:/ST/STM32CubeIDE_1.18.1/STM32CubeIDE/plugins/com.st.stm32cube.ide.mcu.externaltools.gnu-tools-for-stm32.13.3.rel1.win32_1.0.0.202411081344/tools/bin/../lib/gcc/arm-none-eabi/13.3.1/../../../../arm-none-eabi/lib/thumb/v7e-m+fp/hard\libc_nano.a(libc_a-lseekr.o)
[...]
Memory Configuration

Name             Origin             Length             Attributes
CCMRAM           0x10000000         0x00010000         xrw
RAM              0x20000000         0x00020000         xrw
FLASH            0x08000000         0x00100000         xr
*default*        0x00000000         0xffffffff

Linker script and memory map

LOAD C:/ST/STM32CubeIDE_1.18.1/STM32CubeIDE/plugins/com.st.stm32cube.ide.mcu.externaltools.gnu-tools-for-stm32.13.3.rel1.win32_1.0.0.202411081344/tools/bin/../lib/gcc/arm-none-eabi/13.3.1/thumb/v7e-m+fp/hard/crti.o
LOAD C:/ST/STM32CubeIDE_1.18.1/STM32CubeIDE/plugins/com.st.stm32cube.ide.mcu.externaltools.gnu-tools-for-stm32.13.3.rel1.win32_1.0.0.202411081344/tools/bin/../lib/gcc/arm-none-eabi/13.3.1/thumb/v7e-m+fp/hard/crtbegin.o
LOAD C:/ST/STM32CubeIDE_1.18.1/STM32CubeIDE/plugins/com.st.stm32cube.ide.mcu.externaltools.gnu-tools-for-stm32.13.3.rel1.win32_1.0.0.202411081344/tools/bin/../lib/gcc/arm-none-eabi/13.3.1/../../../../arm-none-eabi/lib/thumb/v7e-m+fp/hard/crt0.o
LOAD ./Core/Src/gpio.o
LOAD ./Core/Src/i2c.o
LOAD ./Core/Src/main.o
LOAD ./Core/Src/spi.o
LOAD ./Core/Src/stm32f4xx_hal_msp.o
LOAD ./Core/Src/stm32f4xx_it.o
LOAD ./Core/Src/syscalls.o
LOAD ./Core/Src/sysmem.o
LOAD ./Core/Src/system_stm32f4xx.o
LOAD ./Core/Startup/startup_stm32f407vgtx.o
LOAD ./Drivers/STM32F4xx_HAL_Driver/Src/stm32f4xx_hal.o
LOAD ./Drivers/STM32F4xx_HAL_Driver/Src/stm32f4xx_hal_cortex.o
LOAD ./Drivers/STM32F4xx_HAL_Driver/Src/stm32f4xx_hal_dma.o
LOAD ./Drivers/STM32F4xx_HAL_Driver/Src/stm32f4xx_hal_dma_ex.o
LOAD ./Drivers/STM32F4xx_HAL_Driver/Src/stm32f4xx_hal_exti.o
LOAD ./Drivers/STM32F4xx_HAL_Driver/Src/stm32f4xx_hal_flash.o
LOAD ./Drivers/STM32F4xx_HAL_Driver/Src/stm32f4xx_hal_flash_ex.o
LOAD ./Drivers/STM32F4xx_HAL_Driver/Src/stm32f4xx_hal_flash_ramfunc.o
LOAD ./Drivers/STM32F4xx_HAL_Driver/Src/stm32f4xx_hal_gpio.o
LOAD ./Drivers/STM32F4xx_HAL_Driver/Src/stm32f4xx_hal_i2c.o
LOAD ./Drivers/STM32F4xx_HAL_Driver/Src/stm32f4xx_hal_i2c_ex.o
LOAD ./Drivers/STM32F4xx_HAL_Driver/Src/stm32f4xx_hal_pcd.o
LOAD ./Drivers/STM32F4xx_HAL_Driver/Src/stm32f4xx_hal_pcd_ex.o
LOAD ./Drivers/STM32F4xx_HAL_Driver/Src/stm32f4xx_hal_pwr.o
LOAD ./Drivers/STM32F4xx_HAL_Driver/Src/stm32f4xx_hal_pwr_ex.o
LOAD ./Drivers/STM32F4xx_HAL_Driver/Src/stm32f4xx_hal_rcc.o
LOAD ./Drivers/STM32F4xx_HAL_Driver/Src/stm32f4xx_hal_rcc_ex.o
LOAD ./Drivers/STM32F4xx_HAL_Driver/Src/stm32f4xx_ll_dma.o
LOAD ./Drivers/STM32F4xx_HAL_Driver/Src/stm32f4xx_ll_exti.o
LOAD ./Drivers/STM32F4xx_HAL_Driver/Src/stm32f4xx_ll_gpio.o
LOAD ./Drivers/STM32F4xx_HAL_Driver/Src/stm32f4xx_ll_rcc.o
LOAD ./Drivers/STM32F4xx_HAL_Driver/Src/stm32f4xx_ll_spi.o
LOAD ./Drivers/STM32F4xx_HAL_Driver/Src/stm32f4xx_ll_usb.o
LOAD ./Drivers/STM32F4xx_HAL_Driver/Src/stm32f4xx_ll_utils.o
LOAD ./Middlewares/ST/STM32_USB_Device_Library/Class/CDC/Src/usbd_cdc.o
LOAD ./Middlewares/ST/STM32_USB_Device_Library/Core/Src/usbd_core.o
LOAD ./Middlewares/ST/STM32_USB_Device_Library/Core/Src/usbd_ctlreq.o
LOAD ./Middlewares/ST/STM32_USB_Device_Library/Core/Src/usbd_ioreq.o
LOAD ./USB_DEVICE/App/usb_device.o
LOAD ./USB_DEVICE/App/usbd_cdc_if.o
LOAD ./USB_DEVICE/App/usbd_desc.o
LOAD ./USB_DEVICE/Target/usbd_conf.o
START GROUP
LOAD C:/ST/STM32CubeIDE_1.18.1/STM32CubeIDE/plugins/com.st.stm32cube.ide.mcu.externaltools.gnu-tools-for-stm32.13.3.rel1.win32_1.0.0.202411081344/tools/bin/../lib/gcc/arm-none-eabi/13.3.1/../../../../arm-none-eabi/lib/thumb/v7e-m+fp/hard\libc_nano.a
LOAD C:/ST/STM32CubeIDE_1.18.1/STM32CubeIDE/plugins/com.st.stm32cube.ide.mcu.externaltools.gnu-tools-for-stm32.13.3.rel1.win32_1.0.0.202411081344/tools/bin/../lib/gcc/arm-none-eabi/13.3.1/../../../../arm-none-eabi/lib/thumb/v7e-m+fp/hard\libm.a
END GROUP
START GROUP
LOAD C:/ST/STM32CubeIDE_1.18.1/STM32CubeIDE/plugins/com.st.stm32cube.ide.mcu.externaltools.gnu-tools-for-stm32.13.3.rel1.win32_1.0.0.202411081344/tools/bin/../lib/gcc/arm-none-eabi/13.3.1/thumb/v7e-m+fp/hard\libgcc.a
LOAD C:/ST/STM32CubeIDE_1.18.1/STM32CubeIDE/plugins/com.st.stm32cube.ide.mcu.externaltools.gnu-tools-for-stm32.13.3.rel1.win32_1.0.0.202411081344/tools/bin/../lib/gcc/arm-none-eabi/13.3.1/../../../../arm-none-eabi/lib/thumb/v7e-m+fp/hard\libc_nano.a
END GROUP
START GROUP
LOAD C:/ST/STM32CubeIDE_1.18.1/STM32CubeIDE/plugins/com.st.stm32cube.ide.mcu.externaltools.gnu-tools-for-stm32.13.3.rel1.win32_1.0.0.202411081344/tools/bin/../lib/gcc/arm-none-eabi/13.3.1/thumb/v7e-m+fp/hard\libgcc.a
LOAD C:/ST/STM32CubeIDE_1.18.1/STM32CubeIDE/plugins/com.st.stm32cube.ide.mcu.externaltools.gnu-tools-for-stm32.13.3.rel1.win32_1.0.0.202411081344/tools/bin/../lib/gcc/arm-none-eabi/13.3.1/../../../../arm-none-eabi/lib/thumb/v7e-m+fp/hard\libc_nano.a
LOAD C:/ST/STM32CubeIDE_1.18.1/STM32CubeIDE/plugins/com.st.stm32cube.ide.mcu.externaltools.gnu-tools-for-stm32.13.3.rel1.win32_1.0.0.202411081344/tools/bin/../lib/gcc/arm-none-eabi/13.3.1/../../../../arm-none-eabi/lib/thumb/v7e-m+fp/hard\libnosys.a
END GROUP
START GROUP
LOAD C:/ST/STM32CubeIDE_1.18.1/STM32CubeIDE/plugins/com.st.stm32cube.ide.mcu.externaltools.gnu-tools-for-stm32.13.3.rel1.win32_1.0.0.202411081344/tools/bin/../lib/gcc/arm-none-eabi/13.3.1/thumb/v7e-m+fp/hard\libgcc.a
LOAD C:/ST/STM32CubeIDE_1.18.1/STM32CubeIDE/plugins/com.st.stm32cube.ide.mcu.externaltools.gnu-tools-for-stm32.13.3.rel1.win32_1.0.0.202411081344/tools/bin/../lib/gcc/arm-none-eabi/13.3.1/../../../../arm-none-eabi/lib/thumb/v7e-m+fp/hard\libc_nano.a
LOAD C:/ST/STM32CubeIDE_1.18.1/STM32CubeIDE/plugins/com.st.stm32cube.ide.mcu.externaltools.gnu-tools-for-stm32.13.3.rel1.win32_1.0.0.202411081344/tools/bin/../lib/gcc/arm-none-eabi/13.3.1/../../../../arm-none-eabi/lib/thumb/v7e-m+fp/hard\libnosys.a
END GROUP
LOAD C:/ST/STM32CubeIDE_1.18.1/STM32CubeIDE/plugins/com.st.stm32cube.ide.mcu.externaltools.gnu-tools-for-stm32.13.3.rel1.win32_1.0.0.202411081344/tools/bin/../lib/gcc/arm-none-eabi/13.3.1/thumb/v7e-m+fp/hard/crtend.o
LOAD C:/ST/STM32CubeIDE_1.18.1/STM32CubeIDE/plugins/com.st.stm32cube.ide.mcu.externaltools.gnu-tools-for-stm32.13.3.rel1.win32_1.0.0.202411081344/tools/bin/../lib/gcc/arm-none-eabi/13.3.1/thumb/v7e-m+fp/hard/crtn.o
                0x20020000                        _estack = (ORIGIN (RAM) + LENGTH (RAM))
                0x00000200                        _Min_Heap_Size = 0x200
                0x00000400                        _Min_Stack_Size = 0x400

.isr_vector     0x08000000      0x188
                0x08000000                        . = ALIGN (0x4)
 *(.isr_vector)
 .isr_vector    0x08000000      0x188 ./Core/Startup/startup_stm32f407vgtx.o
                0x08000000                g_pfnVectors
                0x08000188                        . = ALIGN (0x4)

.text           0x08000188     0x7a84
                0x08000188                        . = ALIGN (0x4)
 *(.text)
 .text          0x08000188       0x40 C:/ST/STM32CubeIDE_1.18.1/STM32CubeIDE/plugins/com.st.stm32cube.ide.mcu.externaltools.gnu-tools-for-stm32.13.3.rel1.win32_1.0.0.202411081344/tools/bin/../lib/gcc/arm-none-eabi/13.3.1/thumb/v7e-m+fp/hard/crtbegin.o
 .text          0x080001c8       0x30 C:/ST/STM32CubeIDE_1.18.1/STM32CubeIDE/plugins/com.st.stm32cube.ide.mcu.externaltools.gnu-tools-for-stm32.13.3.rel1.win32_1.0.0.202411081344/tools/bin/../lib/gcc/arm-none-eabi/13.3.1/thumb/v7e-m+fp/hard\libgcc.a(_aeabi_uldivmod.o)
                0x080001c8                __aeabi_uldivmod
 .text          0x080001f8      0x2f8 C:/ST/STM32CubeIDE_1.18.1/STM32CubeIDE/plugins/com.st.stm32cube.ide.mcu.externaltools.gnu-tools-for-stm32.13.3.rel1.win32_1.0.0.202411081344/tools/bin/../lib/gcc/arm-none-eabi/13.3.1/thumb/v7e-m+fp/hard\libgcc.a(_udivmoddi4.o)
                0x080001f8                __udivmoddi4
 .text          0x080004f0        0x4 C:/ST/STM32CubeIDE_1.18.1/STM32CubeIDE/plugins/com.st.stm32cube.ide.mcu.externaltools.gnu-tools-for-stm32.13.3.rel1.win32_1.0.0.202411081344/tools/bin/../lib/gcc/arm-none-eabi/13.3.1/thumb/v7e-m+fp/hard\libgcc.a(_dvmd_tls.o)
                0x080004f0                __aeabi_idiv0
                0x080004f0                __aeabi_ldiv0
 *(.text*)
 .text.LL_SYSCFG_SetEXTISource
                0x080004f4       0x6c ./Core/Src/gpio.o
 .text.LL_GPIO_SetPinMode
                0x08000560       0x7a ./Core/Src/gpio.o
 .text.LL_GPIO_SetPinPull
                0x080005da       0x7a ./Core/Src/gpio.o
 .text.LL_GPIO_SetOutputPin
                0x08000654       0x1c ./Core/Src/gpio.o
 .text.LL_GPIO_ResetOutputPin
                0x08000670       0x1e ./Core/Src/gpio.o
 *fill*         0x0800068e        0x2 
 .text.LL_AHB1_GRP1_EnableClock
                0x08000690       0x30 ./Core/Src/gpio.o
 .text.MX_GPIO_Init
                0x080006c0      0x200 ./Core/Src/gpio.o
                0x080006c0                MX_GPIO_Init
 .text.MX_I2C1_Init
                0x080008c0       0x5c ./Core/Src/i2c.o
                0x080008c0                MX_I2C1_Init
 .text.HAL_I2C_MspInit
                0x0800091c       0x90 ./Core/Src/i2c.o
                0x0800091c                HAL_I2C_MspInit
 .text.main     0x080009ac       0x20 ./Core/Src/main.o
                0x080009ac                main
 .text.SystemClock_Config
                0x080009cc       0xd4 ./Core/Src/main.o
                0x080009cc                SystemClock_Config
 .text.Error_Handler
                0x08000aa0        0xc ./Core/Src/main.o
                0x08000aa0                Error_Handler
 .text.LL_SPI_SetStandard
                0x08000aac       0x26 ./Core/Src/spi.o
 *fill*         0x08000ad2        0x2 
 .text.LL_AHB1_GRP1_EnableClock
                0x08000ad4       0x30 ./Core/Src/spi.o
 .text.LL_APB2_GRP1_EnableClock
                0x08000b04       0x30 ./Core/Src/spi.o
 .text.MX_SPI1_Init
                0x08000b34       0xa4 ./Core/Src/spi.o
                0x08000b34                MX_SPI1_Init
 .text.HAL_MspInit
                0x08000bd8       0x50 ./Core/Src/stm32f4xx_hal_msp.o
                0x08000bd8                HAL_MspInit
 .text.NMI_Handler
                0x08000c28        0x8 ./Core/Src/stm32f4xx_it.o
                0x08000c28                NMI_Handler
 .text.HardFault_Handler
                0x08000c30        0x8 ./Core/Src/stm32f4xx_it.o
                0x08000c30                HardFault_Handler
 .text.MemManage_Handler
                0x08000c38        0x8 ./Core/Src/stm32f4xx_it.o
                0x08000c38                MemManage_Handler
 .text.BusFault_Handler
                0x08000c40        0x8 ./Core/Src/stm32f4xx_it.o
                0x08000c40                BusFault_Handler
 .text.UsageFault_Handler
                0x08000c48        0x8 ./Core/Src/stm32f4xx_it.o
                0x08000c48                UsageFault_Handler
 .text.SVC_Handler
                0x08000c50        0xe ./Core/Src/stm32f4xx_it.o
                0x08000c50                SVC_Handler
 .text.DebugMon_Handler
                0x08000c5e        0xe ./Core/Src/stm32f4xx_it.o
                0x08000c5e                DebugMon_Handler
 .text.PendSV_Handler
                0x08000c6c        0xe ./Core/Src/stm32f4xx_it.o
                0x08000c6c                PendSV_Handler
 .text.SysTick_Handler
                0x08000c7a        0xc ./Core/Src/stm32f4xx_it.o
                0x08000c7a                SysTick_Handler
 *fill*         0x08000c86        0x2 
 .text.OTG_FS_IRQHandler
                0x08000c88       0x14 ./Core/Src/stm32f4xx_it.o
                0x08000c88                OTG_FS_IRQHandler
 .text.SystemInit
                0x08000c9c       0x24 ./Core/Src/system_stm32f4xx.o
                0x08000c9c                SystemInit
 .text.Reset_Handler
                0x08000cc0       0x50 ./Core/Startup/startup_stm32f407vgtx.o
                0x08000cc0                Reset_Handler
 .text.Default_Handler
                0x08000d10        0x2 ./Core/Startup/startup_stm32f407vgtx.o
                0x08000d10                RTC_Alarm_IRQHandler
                0x08000d10                HASH_RNG_IRQHandler
                0x08000d10                EXTI2_IRQHandler
                0x08000d10                TIM8_CC_IRQHandler
                0x08000d10                TIM1_CC_IRQHandler
                0x08000d10                DMA2_Stream5_IRQHandler
                0x08000d10                DMA1_Stream5_IRQHandler
                0x08000d10                PVD_IRQHandler
                0x08000d10                SDIO_IRQHandler
                0x08000d10                TAMP_STAMP_IRQHandler
                0x08000d10                CAN2_RX1_IRQHandler
                0x08000d10                EXTI3_IRQHandler
                0x08000d10                TIM8_TRG_COM_TIM14_IRQHandler
                0x08000d10                TIM1_UP_TIM10_IRQHandler
                0x08000d10                TIM8_UP_TIM13_IRQHandler
                0x08000d10                I2C3_ER_IRQHandler
                0x08000d10                EXTI0_IRQHandler
                0x08000d10                I2C2_EV_IRQHandler
                0x08000d10                DMA1_Stream2_IRQHandler
                0x08000d10                CAN1_RX0_IRQHandler
                0x08000d10                FPU_IRQHandler
                0x08000d10                OTG_HS_WKUP_IRQHandler
                0x08000d10                CAN2_SCE_IRQHandler
                0x08000d10                DMA2_Stream2_IRQHandler
                0x08000d10                SPI1_IRQHandler
                0x08000d10                TIM6_DAC_IRQHandler
                0x08000d10                TIM1_BRK_TIM9_IRQHandler
                0x08000d10                DCMI_IRQHandler
                0x08000d10                CAN2_RX0_IRQHandler
                0x08000d10                DMA2_Stream3_IRQHandler
                0x08000d10                USART6_IRQHandler
                0x08000d10                USART3_IRQHandler
                0x08000d10                CAN1_RX1_IRQHandler
                0x08000d10                UART5_IRQHandler
                0x08000d10                DMA2_Stream0_IRQHandler
                0x08000d10                TIM4_IRQHandler
                0x08000d10                I2C1_EV_IRQHandler
                0x08000d10                DMA1_Stream6_IRQHandler
                0x08000d10                DMA1_Stream1_IRQHandler
                0x08000d10                UART4_IRQHandler
                0x08000d10                TIM3_IRQHandler
                0x08000d10                RCC_IRQHandler
                0x08000d10                TIM8_BRK_TIM12_IRQHandler
                0x08000d10                Default_Handler
                0x08000d10                EXTI15_10_IRQHandler
                0x08000d10                ADC_IRQHandler
                0x08000d10                DMA1_Stream7_IRQHandler
                0x08000d10                TIM7_IRQHandler
                0x08000d10                CAN2_TX_IRQHandler
                0x08000d10                TIM5_IRQHandler
                0x08000d10                DMA2_Stream7_IRQHandler
                0x08000d10                I2C3_EV_IRQHandler
                0x08000d10                EXTI9_5_IRQHandler
                0x08000d10                RTC_WKUP_IRQHandler
                0x08000d10                ETH_WKUP_IRQHandler
                0x08000d10                SPI2_IRQHandler
                0x08000d10                OTG_HS_EP1_IN_IRQHandler
                0x08000d10                DMA1_Stream0_IRQHandler
                0x08000d10                CAN1_TX_IRQHandler
                0x08000d10                EXTI4_IRQHandler
                0x08000d10                FSMC_IRQHandler
                0x08000d10                ETH_IRQHandler
                0x08000d10                OTG_HS_EP1_OUT_IRQHandler
                0x08000d10                WWDG_IRQHandler
                0x08000d10                TIM2_IRQHandler
                0x08000d10                OTG_FS_WKUP_IRQHandler
                0x08000d10                TIM1_TRG_COM_TIM11_IRQHandler
                0x08000d10                OTG_HS_IRQHandler
                0x08000d10                EXTI1_IRQHandler
                0x08000d10                USART2_IRQHandler
                0x08000d10                I2C2_ER_IRQHandler
                0x08000d10                DMA2_Stream1_IRQHandler
                0x08000d10                CAN1_SCE_IRQHandler
                0x08000d10                FLASH_IRQHandler
                0x08000d10                DMA2_Stream4_IRQHandler
                0x08000d10                USART1_IRQHandler
                0x08000d10                SPI3_IRQHandler
                0x08000d10                DMA1_Stream4_IRQHandler
                0x08000d10                I2C1_ER_IRQHandler
                0x08000d10                DMA2_Stream6_IRQHandler
                0x08000d10                DMA1_Stream3_IRQHandler
 *fill*         0x08000d12        0x2 
 .text.HAL_Init
                0x08000d14       0x44 ./Drivers/STM32F4xx_HAL_Driver/Src/stm32f4xx_hal.o
                0x08000d14                HAL_Init
 .text.HAL_InitTick
                0x08000d58       0x60 ./Drivers/STM32F4xx_HAL_Driver/Src/stm32f4xx_hal.o
                0x08000d58                HAL_InitTick
 .text.HAL_IncTick
                0x08000db8       0x28 ./Drivers/STM32F4xx_HAL_Driver/Src/stm32f4xx_hal.o
                0x08000db8                HAL_IncTick
 .text.HAL_GetTick
                0x08000de0       0x18 ./Drivers/STM32F4xx_HAL_Driver/Src/stm32f4xx_hal.o
                0x08000de0                HAL_GetTick
 .text.HAL_Delay
                0x08000df8       0x48 ./Drivers/STM32F4xx_HAL_Driver/Src/stm32f4xx_hal.o
                0x08000df8                HAL_Delay
 .text.__NVIC_SetPriorityGrouping
                0x08000e40       0x48 ./Drivers/STM32F4xx_HAL_Driver/Src/stm32f4xx_hal_cortex.o
 .text.__NVIC_GetPriorityGrouping
                0x08000e88       0x1c ./Drivers/STM32F4xx_HAL_Driver/Src/stm32f4xx_hal_cortex.o
 .text.__NVIC_EnableIRQ
                0x08000ea4       0x3c ./Drivers/STM32F4xx_HAL_Driver/Src/stm32f4xx_hal_cortex.o
 .text.__NVIC_SetPriority
                0x08000ee0       0x54 ./Drivers/STM32F4xx_HAL_Driver/Src/stm32f4xx_hal_cortex.o
 .text.NVIC_EncodePriority
                0x08000f34       0x66 ./Drivers/STM32F4xx_HAL_Driver/Src/stm32f4xx_hal_cortex.o
 *fill*         0x08000f9a        0x2 
 .text.SysTick_Config
                0x08000f9c       0x44 ./Drivers/STM32F4xx_HAL_Driver/Src/stm32f4xx_hal_cortex.o
 .text.HAL_NVIC_SetPriorityGrouping
                0x08000fe0       0x16 ./Drivers/STM32F4xx_HAL_Driver/Src/stm32f4xx_hal_cortex.o
                0x08000fe0                HAL_NVIC_SetPriorityGrouping
 .text.HAL_NVIC_SetPriority
                0x08000ff6       0x38 ./Drivers/STM32F4xx_HAL_Driver/Src/stm32f4xx_hal_cortex.o
                0x08000ff6                HAL_NVIC_SetPriority
 .text.HAL_NVIC_EnableIRQ
                0x0800102e       0x1c ./Drivers/STM32F4xx_HAL_Driver/Src/stm32f4xx_hal_cortex.o
                0x0800102e                HAL_NVIC_EnableIRQ
 .text.HAL_SYSTICK_Config
                0x0800104a       0x18 ./Drivers/STM32F4xx_HAL_Driver/Src/stm32f4xx_hal_cortex.o
                0x0800104a                HAL_SYSTICK_Config
 *fill*         0x08001062        0x2 
 .text.HAL_GPIO_Init
                0x08001064      0x338 ./Drivers/STM32F4xx_HAL_Driver/Src/stm32f4xx_hal_gpio.o
                0x08001064                HAL_GPIO_Init
 .text.HAL_GPIO_TogglePin
                0x0800139c       0x34 ./Drivers/STM32F4xx_HAL_Driver/Src/stm32f4xx_hal_gpio.o
                0x0800139c                HAL_GPIO_TogglePin
 .text.HAL_I2C_Init
                0x080013d0      0x288 ./Drivers/STM32F4xx_HAL_Driver/Src/stm32f4xx_hal_i2c.o
                0x080013d0                HAL_I2C_Init
 .text.HAL_PCD_Init
                0x08001658      0x21e ./Drivers/STM32F4xx_HAL_Driver/Src/stm32f4xx_hal_pcd.o
                0x08001658                HAL_PCD_Init
 .text.HAL_PCD_Start
                0x08001876       0x6a ./Drivers/STM32F4xx_HAL_Driver/Src/stm32f4xx_hal_pcd.o
                0x08001876                HAL_PCD_Start
 .text.HAL_PCD_IRQHandler
                0x080018e0      0x942 ./Drivers/STM32F4xx_HAL_Driver/Src/stm32f4xx_hal_pcd.o
                0x080018e0                HAL_PCD_IRQHandler
 .text.HAL_PCD_SetAddress
                0x08002222       0x48 ./Drivers/STM32F4xx_HAL_Driver/Src/stm32f4xx_hal_pcd.o
                0x08002222                HAL_PCD_SetAddress
 .text.HAL_PCD_EP_Open
                0x0800226a       0xd4 ./Drivers/STM32F4xx_HAL_Driver/Src/stm32f4xx_hal_pcd.o
                0x0800226a                HAL_PCD_EP_Open
 .text.HAL_PCD_EP_Close
                0x0800233e       0x94 ./Drivers/STM32F4xx_HAL_Driver/Src/stm32f4xx_hal_pcd.o
                0x0800233e                HAL_PCD_EP_Close
 .text.HAL_PCD_EP_Receive
                0x080023d2       0x76 ./Drivers/STM32F4xx_HAL_Driver/Src/stm32f4xx_hal_pcd.o
                0x080023d2                HAL_PCD_EP_Receive
 .text.HAL_PCD_EP_GetRxCount
                0x08002448       0x30 ./Drivers/STM32F4xx_HAL_Driver/Src/stm32f4xx_hal_pcd.o
                0x08002448                HAL_PCD_EP_GetRxCount
 .text.HAL_PCD_EP_Transmit
                0x08002478       0x74 ./Drivers/STM32F4xx_HAL_Driver/Src/stm32f4xx_hal_pcd.o
                0x08002478                HAL_PCD_EP_Transmit
 .text.HAL_PCD_EP_SetStall
                0x080024ec       0xc6 ./Drivers/STM32F4xx_HAL_Driver/Src/stm32f4xx_hal_pcd.o
                0x080024ec                HAL_PCD_EP_SetStall
 .text.HAL_PCD_EP_ClrStall
                0x080025b2       0xac ./Drivers/STM32F4xx_HAL_Driver/Src/stm32f4xx_hal_pcd.o
                0x080025b2                HAL_PCD_EP_ClrStall
 .text.HAL_PCD_EP_Abort
                0x0800265e       0x62 ./Drivers/STM32F4xx_HAL_Driver/Src/stm32f4xx_hal_pcd.o
                0x0800265e                HAL_PCD_EP_Abort
 .text.PCD_WriteEmptyTxFifo
                0x080026c0      0x118 ./Drivers/STM32F4xx_HAL_Driver/Src/stm32f4xx_hal_pcd.o
 .text.PCD_EP_OutXfrComplete_int
                0x080027d8      0x1d0 ./Drivers/STM32F4xx_HAL_Driver/Src/stm32f4xx_hal_pcd.o
 .text.PCD_EP_OutSetupPacket_int
                0x080029a8       0x8c ./Drivers/STM32F4xx_HAL_Driver/Src/stm32f4xx_hal_pcd.o
 .text.HAL_PCDEx_SetTxFiFo
                0x08002a34       0x8e ./Drivers/STM32F4xx_HAL_Driver/Src/stm32f4xx_hal_pcd_ex.o
                0x08002a34                HAL_PCDEx_SetTxFiFo
 .text.HAL_PCDEx_SetRxFiFo
                0x08002ac2       0x22 ./Drivers/STM32F4xx_HAL_Driver/Src/stm32f4xx_hal_pcd_ex.o
                0x08002ac2                HAL_PCDEx_SetRxFiFo
 .text.HAL_PCDEx_LPM_Callback
                0x08002ae4       0x18 ./Drivers/STM32F4xx_HAL_Driver/Src/stm32f4xx_hal_pcd_ex.o
                0x08002ae4                HAL_PCDEx_LPM_Callback
 .text.HAL_RCC_OscConfig
                0x08002afc      0x4f0 ./Drivers/STM32F4xx_HAL_Driver/Src/stm32f4xx_hal_rcc.o
                0x08002afc                HAL_RCC_OscConfig
 .text.HAL_RCC_ClockConfig
                0x08002fec      0x1cc ./Drivers/STM32F4xx_HAL_Driver/Src/stm32f4xx_hal_rcc.o
                0x08002fec                HAL_RCC_ClockConfig
 .text.HAL_RCC_GetSysClockFreq
                0x080031b8      0x20c ./Drivers/STM32F4xx_HAL_Driver/Src/stm32f4xx_hal_rcc.o
                0x080031b8                HAL_RCC_GetSysClockFreq
 .text.HAL_RCC_GetHCLKFreq
                0x080033c4       0x18 ./Drivers/STM32F4xx_HAL_Driver/Src/stm32f4xx_hal_rcc.o
                0x080033c4                HAL_RCC_GetHCLKFreq
 .text.HAL_RCC_GetPCLK1Freq
                0x080033dc       0x28 ./Drivers/STM32F4xx_HAL_Driver/Src/stm32f4xx_hal_rcc.o
                0x080033dc                HAL_RCC_GetPCLK1Freq
 .text.LL_EXTI_EnableIT_0_31
                0x08003404       0x24 ./Drivers/STM32F4xx_HAL_Driver/Src/stm32f4xx_ll_exti.o
 .text.LL_EXTI_DisableIT_0_31
                0x08003428       0x28 ./Drivers/STM32F4xx_HAL_Driver/Src/stm32f4xx_ll_exti.o
 .text.LL_EXTI_EnableEvent_0_31
                0x08003450       0x24 ./Drivers/STM32F4xx_HAL_Driver/Src/stm32f4xx_ll_exti.o
 .text.LL_EXTI_DisableEvent_0_31
                0x08003474       0x28 ./Drivers/STM32F4xx_HAL_Driver/Src/stm32f4xx_ll_exti.o
 .text.LL_EXTI_EnableRisingTrig_0_31
                0x0800349c       0x24 ./Drivers/STM32F4xx_HAL_Driver/Src/stm32f4xx_ll_exti.o
 .text.LL_EXTI_DisableRisingTrig_0_31
                0x080034c0       0x28 ./Drivers/STM32F4xx_HAL_Driver/Src/stm32f4xx_ll_exti.o
 .text.LL_EXTI_EnableFallingTrig_0_31
                0x080034e8       0x24 ./Drivers/STM32F4xx_HAL_Driver/Src/stm32f4xx_ll_exti.o
 .text.LL_EXTI_DisableFallingTrig_0_31
                0x0800350c       0x28 ./Drivers/STM32F4xx_HAL_Driver/Src/stm32f4xx_ll_exti.o
 .text.LL_EXTI_Init
                0x08003534       0xfe ./Drivers/STM32F4xx_HAL_Driver/Src/stm32f4xx_ll_exti.o
                0x08003534                LL_EXTI_Init
 .text.LL_GPIO_SetPinMode
                0x08003632       0x7a ./Drivers/STM32F4xx_HAL_Driver/Src/stm32f4xx_ll_gpio.o
 .text.LL_GPIO_SetPinOutputType
                0x080036ac       0x30 ./Drivers/STM32F4xx_HAL_Driver/Src/stm32f4xx_ll_gpio.o
 .text.LL_GPIO_SetPinSpeed
                0x080036dc       0x7a ./Drivers/STM32F4xx_HAL_Driver/Src/stm32f4xx_ll_gpio.o
 .text.LL_GPIO_SetPinPull
                0x08003756       0x7a ./Drivers/STM32F4xx_HAL_Driver/Src/stm32f4xx_ll_gpio.o
 .text.LL_GPIO_SetAFPin_0_7
                0x080037d0       0x7a ./Drivers/STM32F4xx_HAL_Driver/Src/stm32f4xx_ll_gpio.o
 .text.LL_GPIO_SetAFPin_8_15
                0x0800384a       0x7e ./Drivers/STM32F4xx_HAL_Driver/Src/stm32f4xx_ll_gpio.o
 .text.LL_GPIO_Init
                0x080038c8      0x102 ./Drivers/STM32F4xx_HAL_Driver/Src/stm32f4xx_ll_gpio.o
                0x080038c8                LL_GPIO_Init
 .text.LL_SPI_IsEnabled
                0x080039ca       0x26 ./Drivers/STM32F4xx_HAL_Driver/Src/stm32f4xx_ll_spi.o
 .text.LL_SPI_SetCRCPolynomial
                0x080039f0       0x20 ./Drivers/STM32F4xx_HAL_Driver/Src/stm32f4xx_ll_spi.o
 .text.LL_SPI_Init
                0x08003a10       0xa4 ./Drivers/STM32F4xx_HAL_Driver/Src/stm32f4xx_ll_spi.o
                0x08003a10                LL_SPI_Init
 .text.USB_CoreInit
                0x08003ab4       0xc8 ./Drivers/STM32F4xx_HAL_Driver/Src/stm32f4xx_ll_usb.o
                0x08003ab4                USB_CoreInit
 .text.USB_SetTurnaroundTime
                0x08003b7c      0x144 ./Drivers/STM32F4xx_HAL_Driver/Src/stm32f4xx_ll_usb.o
                0x08003b7c                USB_SetTurnaroundTime
 .text.USB_EnableGlobalInt
                0x08003cc0       0x22 ./Drivers/STM32F4xx_HAL_Driver/Src/stm32f4xx_ll_usb.o
                0x08003cc0                USB_EnableGlobalInt
 .text.USB_DisableGlobalInt
                0x08003ce2       0x22 ./Drivers/STM32F4xx_HAL_Driver/Src/stm32f4xx_ll_usb.o
                0x08003ce2                USB_DisableGlobalInt
 .text.USB_SetCurrentMode
                0x08003d04       0x98 ./Drivers/STM32F4xx_HAL_Driver/Src/stm32f4xx_ll_usb.o
                0x08003d04                USB_SetCurrentMode
 .text.USB_DevInit
                0x08003d9c      0x2c8 ./Drivers/STM32F4xx_HAL_Driver/Src/stm32f4xx_ll_usb.o
                0x08003d9c                USB_DevInit
 .text.USB_FlushTxFifo
                0x08004064       0x64 ./Drivers/STM32F4xx_HAL_Driver/Src/stm32f4xx_ll_usb.o
                0x08004064                USB_FlushTxFifo
 .text.USB_FlushRxFifo
                0x080040c8       0x5c ./Drivers/STM32F4xx_HAL_Driver/Src/stm32f4xx_ll_usb.o
                0x080040c8                USB_FlushRxFifo
 .text.USB_SetDevSpeed
                0x08004124       0x32 ./Drivers/STM32F4xx_HAL_Driver/Src/stm32f4xx_ll_usb.o
                0x08004124                USB_SetDevSpeed
 .text.USB_GetDevSpeed
                0x08004156       0x4a ./Drivers/STM32F4xx_HAL_Driver/Src/stm32f4xx_ll_usb.o
                0x08004156                USB_GetDevSpeed
 .text.USB_ActivateEndpoint
                0x080041a0      0x10e ./Drivers/STM32F4xx_HAL_Driver/Src/stm32f4xx_ll_usb.o
                0x080041a0                USB_ActivateEndpoint
 *fill*         0x080042ae        0x2 
 .text.USB_DeactivateEndpoint
                0x080042b0      0x1b8 ./Drivers/STM32F4xx_HAL_Driver/Src/stm32f4xx_ll_usb.o
                0x080042b0                USB_DeactivateEndpoint
 .text.USB_EPStartXfer
                0x08004468      0x53c ./Drivers/STM32F4xx_HAL_Driver/Src/stm32f4xx_ll_usb.o
                0x08004468                USB_EPStartXfer
 .text.USB_EPStopXfer
                0x080049a4      0x154 ./Drivers/STM32F4xx_HAL_Driver/Src/stm32f4xx_ll_usb.o
                0x080049a4                USB_EPStopXfer
 .text.USB_WritePacket
                0x08004af8       0x7c ./Drivers/STM32F4xx_HAL_Driver/Src/stm32f4xx_ll_usb.o
                0x08004af8                USB_WritePacket
 .text.USB_ReadPacket
                0x08004b74       0xb0 ./Drivers/STM32F4xx_HAL_Driver/Src/stm32f4xx_ll_usb.o
                0x08004b74                USB_ReadPacket
 .text.USB_EPSetStall
                0x08004c24       0xdc ./Drivers/STM32F4xx_HAL_Driver/Src/stm32f4xx_ll_usb.o
                0x08004c24                USB_EPSetStall
 .text.USB_EPClearStall
                0x08004d00       0xcc ./Drivers/STM32F4xx_HAL_Driver/Src/stm32f4xx_ll_usb.o
                0x08004d00                USB_EPClearStall
 .text.USB_SetDevAddress
                0x08004dcc       0x4c ./Drivers/STM32F4xx_HAL_Driver/Src/stm32f4xx_ll_usb.o
                0x08004dcc                USB_SetDevAddress
 .text.USB_DevConnect
                0x08004e18       0x42 ./Drivers/STM32F4xx_HAL_Driver/Src/stm32f4xx_ll_usb.o
                0x08004e18                USB_DevConnect
 .text.USB_DevDisconnect
                0x08004e5a       0x42 ./Drivers/STM32F4xx_HAL_Driver/Src/stm32f4xx_ll_usb.o
                0x08004e5a                USB_DevDisconnect
 .text.USB_ReadInterrupts
                0x08004e9c       0x26 ./Drivers/STM32F4xx_HAL_Driver/Src/stm32f4xx_ll_usb.o
                0x08004e9c                USB_ReadInterrupts
 .text.USB_ReadDevAllOutEpInterrupt
                0x08004ec2       0x34 ./Drivers/STM32F4xx_HAL_Driver/Src/stm32f4xx_ll_usb.o
                0x08004ec2                USB_ReadDevAllOutEpInterrupt
 .text.USB_ReadDevAllInEpInterrupt
                0x08004ef6       0x34 ./Drivers/STM32F4xx_HAL_Driver/Src/stm32f4xx_ll_usb.o
                0x08004ef6                USB_ReadDevAllInEpInterrupt
 .text.USB_ReadDevOutEPInterrupt
                0x08004f2a       0x3c ./Drivers/STM32F4xx_HAL_Driver/Src/stm32f4xx_ll_usb.o
                0x08004f2a                USB_ReadDevOutEPInterrupt
 .text.USB_ReadDevInEPInterrupt
                0x08004f66       0x5c ./Drivers/STM32F4xx_HAL_Driver/Src/stm32f4xx_ll_usb.o
                0x08004f66                USB_ReadDevInEPInterrupt
 .text.USB_GetMode
                0x08004fc2       0x1c ./Drivers/STM32F4xx_HAL_Driver/Src/stm32f4xx_ll_usb.o
                0x08004fc2                USB_GetMode
 .text.USB_ActivateSetup
                0x08004fde       0x46 ./Drivers/STM32F4xx_HAL_Driver/Src/stm32f4xx_ll_usb.o
                0x08004fde                USB_ActivateSetup
 .text.USB_EP0_OutStart
                0x08005024       0xbc ./Drivers/STM32F4xx_HAL_Driver/Src/stm32f4xx_ll_usb.o
                0x08005024                USB_EP0_OutStart
 .text.USB_CoreReset
                0x080050e0       0x70 ./Drivers/STM32F4xx_HAL_Driver/Src/stm32f4xx_ll_usb.o
 .text.USBD_CDC_Init
                0x08005150      0x1f0 ./Middlewares/ST/STM32_USB_Device_Library/Class/CDC/Src/usbd_cdc.o
 .text.USBD_CDC_DeInit
                0x08005340      0x104 ./Middlewares/ST/STM32_USB_Device_Library/Class/CDC/Src/usbd_cdc.o
 .text.USBD_CDC_Setup
                0x08005444      0x1b8 ./Middlewares/ST/STM32_USB_Device_Library/Class/CDC/Src/usbd_cdc.o
 .text.USBD_CDC_DataIn
                0x080055fc       0xfe ./Middlewares/ST/STM32_USB_Device_Library/Class/CDC/Src/usbd_cdc.o
 .text.USBD_CDC_DataOut
                0x080056fa       0x70 ./Middlewares/ST/STM32_USB_Device_Library/Class/CDC/Src/usbd_cdc.o
 .text.USBD_CDC_EP0_RxReady
                0x0800576a       0x74 ./Middlewares/ST/STM32_USB_Device_Library/Class/CDC/Src/usbd_cdc.o
 *fill*         0x080057de        0x2 
 .text.USBD_CDC_GetFSCfgDesc
                0x080057e0       0x70 ./Middlewares/ST/STM32_USB_Device_Library/Class/CDC/Src/usbd_cdc.o
 .text.USBD_CDC_GetHSCfgDesc
                0x08005850       0x70 ./Middlewares/ST/STM32_USB_Device_Library/Class/CDC/Src/usbd_cdc.o
 .text.USBD_CDC_GetOtherSpeedCfgDesc
                0x080058c0       0x70 ./Middlewares/ST/STM32_USB_Device_Library/Class/CDC/Src/usbd_cdc.o
 .text.USBD_CDC_GetDeviceQualifierDescriptor
                0x08005930       0x20 ./Middlewares/ST/STM32_USB_Device_Library/Class/CDC/Src/usbd_cdc.o
                0x08005930                USBD_CDC_GetDeviceQualifierDescriptor
 .text.USBD_CDC_RegisterInterface
                0x08005950       0x34 ./Middlewares/ST/STM32_USB_Device_Library/Class/CDC/Src/usbd_cdc.o
                0x08005950                USBD_CDC_RegisterInterface
 .text.USBD_CDC_SetTxBuffer
                0x08005984       0x44 ./Middlewares/ST/STM32_USB_Device_Library/Class/CDC/Src/usbd_cdc.o
                0x08005984                USBD_CDC_SetTxBuffer
 .text.USBD_CDC_SetRxBuffer
                0x080059c8       0x3a ./Middlewares/ST/STM32_USB_Device_Library/Class/CDC/Src/usbd_cdc.o
                0x080059c8                USBD_CDC_SetRxBuffer
 *fill*         0x08005a02        0x2 
 .text.USBD_CDC_TransmitPacket
                0x08005a04       0x80 ./Middlewares/ST/STM32_USB_Device_Library/Class/CDC/Src/usbd_cdc.o
                0x08005a04                USBD_CDC_TransmitPacket
 .text.USBD_CDC_ReceivePacket
                0x08005a84       0x6c ./Middlewares/ST/STM32_USB_Device_Library/Class/CDC/Src/usbd_cdc.o
                0x08005a84                USBD_CDC_ReceivePacket
 .text.USBD_Init
                0x08005af0       0x60 ./Middlewares/ST/STM32_USB_Device_Library/Core/Src/usbd_core.o
                0x08005af0                USBD_Init
 .text.USBD_RegisterClass
                0x08005b50       0x6c ./Middlewares/ST/STM32_USB_Device_Library/Core/Src/usbd_core.o
                0x08005b50                USBD_RegisterClass
 .text.USBD_Start
                0x08005bbc       0x18 ./Middlewares/ST/STM32_USB_Device_Library/Core/Src/usbd_core.o
                0x08005bbc                USBD_Start
 .text.USBD_RunTestMode
                0x08005bd4       0x16 ./Middlewares/ST/STM32_USB_Device_Library/Core/Src/usbd_core.o
                0x08005bd4                USBD_RunTestMode
 .text.USBD_SetClassConfig
                0x08005bea       0x38 ./Middlewares/ST/STM32_USB_Device_Library/Core/Src/usbd_core.o
                0x08005bea                USBD_SetClassConfig
 .text.USBD_ClrClassConfig
                0x08005c22       0x34 ./Middlewares/ST/STM32_USB_Device_Library/Core/Src/usbd_core.o
                0x08005c22                USBD_ClrClassConfig
 .text.USBD_LL_SetupStage
                0x08005c56       0xaa ./Middlewares/ST/STM32_USB_Device_Library/Core/Src/usbd_core.o
                0x08005c56                USBD_LL_SetupStage
 .text.USBD_LL_DataOutStage
                0x08005d00      0x178 ./Middlewares/ST/STM32_USB_Device_Library/Core/Src/usbd_core.o
                0x08005d00                USBD_LL_DataOutStage
 .text.USBD_LL_DataInStage
                0x08005e78      0x176 ./Middlewares/ST/STM32_USB_Device_Library/Core/Src/usbd_core.o
                0x08005e78                USBD_LL_DataInStage
 .text.USBD_LL_Reset
                0x08005fee       0xa6 ./Middlewares/ST/STM32_USB_Device_Library/Core/Src/usbd_core.o
                0x08005fee                USBD_LL_Reset
 .text.USBD_LL_SetSpeed
                0x08006094       0x20 ./Middlewares/ST/STM32_USB_Device_Library/Core/Src/usbd_core.o
                0x08006094                USBD_LL_SetSpeed
 .text.USBD_LL_Suspend
                0x080060b4       0x38 ./Middlewares/ST/STM32_USB_Device_Library/Core/Src/usbd_core.o
                0x080060b4                USBD_LL_Suspend
 .text.USBD_LL_Resume
                0x080060ec       0x30 ./Middlewares/ST/STM32_USB_Device_Library/Core/Src/usbd_core.o
                0x080060ec                USBD_LL_Resume
 .text.USBD_LL_SOF
                0x0800611c       0x40 ./Middlewares/ST/STM32_USB_Device_Library/Core/Src/usbd_core.o
                0x0800611c                USBD_LL_SOF
 .text.USBD_LL_IsoINIncomplete
                0x0800615c       0x64 ./Middlewares/ST/STM32_USB_Device_Library/Core/Src/usbd_core.o
                0x0800615c                USBD_LL_IsoINIncomplete
 .text.USBD_LL_IsoOUTIncomplete
                0x080061c0       0x64 ./Middlewares/ST/STM32_USB_Device_Library/Core/Src/usbd_core.o
                0x080061c0                USBD_LL_IsoOUTIncomplete
 .text.USBD_LL_DevConnected
                0x08006224       0x16 ./Middlewares/ST/STM32_USB_Device_Library/Core/Src/usbd_core.o
                0x08006224                USBD_LL_DevConnected
 .text.USBD_LL_DevDisconnected
                0x0800623a       0x46 ./Middlewares/ST/STM32_USB_Device_Library/Core/Src/usbd_core.o
                0x0800623a                USBD_LL_DevDisconnected
 .text.USBD_CoreFindIF
                0x08006280       0x1a ./Middlewares/ST/STM32_USB_Device_Library/Core/Src/usbd_core.o
                0x08006280                USBD_CoreFindIF
 .text.USBD_CoreFindEP
                0x0800629a       0x1a ./Middlewares/ST/STM32_USB_Device_Library/Core/Src/usbd_core.o
                0x0800629a                USBD_CoreFindEP
 .text.USBD_GetEpDesc
                0x080062b4       0x70 ./Middlewares/ST/STM32_USB_Device_Library/Core/Src/usbd_core.o
                0x080062b4                USBD_GetEpDesc
 .text.USBD_GetNextDesc
                0x08006324       0x38 ./Middlewares/ST/STM32_USB_Device_Library/Core/Src/usbd_core.o
                0x08006324                USBD_GetNextDesc
 .text.SWAPBYTE
                0x0800635c       0x3e ./Middlewares/ST/STM32_USB_Device_Library/Core/Src/usbd_ctlreq.o
 *fill*         0x0800639a        0x2 
 .text.USBD_StdDevReq
                0x0800639c       0xe4 ./Middlewares/ST/STM32_USB_Device_Library/Core/Src/usbd_ctlreq.o
                0x0800639c                USBD_StdDevReq
 .text.USBD_StdItfReq
                0x08006480       0xd8 ./Middlewares/ST/STM32_USB_Device_Library/Core/Src/usbd_ctlreq.o
                0x08006480                USBD_StdItfReq
 .text.USBD_StdEPReq
                0x08006558      0x33e ./Middlewares/ST/STM32_USB_Device_Library/Core/Src/usbd_ctlreq.o
                0x08006558                USBD_StdEPReq
 *fill*         0x08006896        0x2 
 .text.USBD_GetDescriptor
                0x08006898      0x2d4 ./Middlewares/ST/STM32_USB_Device_Library/Core/Src/usbd_ctlreq.o
 .text.USBD_SetAddress
                0x08006b6c       0x88 ./Middlewares/ST/STM32_USB_Device_Library/Core/Src/usbd_ctlreq.o
 .text.USBD_SetConfig
                0x08006bf4      0x154 ./Middlewares/ST/STM32_USB_Device_Library/Core/Src/usbd_ctlreq.o
 .text.USBD_GetConfig
                0x08006d48       0x6c ./Middlewares/ST/STM32_USB_Device_Library/Core/Src/usbd_ctlreq.o
 .text.USBD_GetStatus
                0x08006db4       0x68 ./Middlewares/ST/STM32_USB_Device_Library/Core/Src/usbd_ctlreq.o
 .text.USBD_SetFeature
                0x08006e1c       0x52 ./Middlewares/ST/STM32_USB_Device_Library/Core/Src/usbd_ctlreq.o
 .text.USBD_ClrFeature
                0x08006e6e       0x44 ./Middlewares/ST/STM32_USB_Device_Library/Core/Src/usbd_ctlreq.o
 .text.USBD_ParseSetupRequest
                0x08006eb2       0x74 ./Middlewares/ST/STM32_USB_Device_Library/Core/Src/usbd_ctlreq.o
                0x08006eb2                USBD_ParseSetupRequest
 .text.USBD_CtlError
                0x08006f26       0x22 ./Middlewares/ST/STM32_USB_Device_Library/Core/Src/usbd_ctlreq.o
                0x08006f26                USBD_CtlError
 .text.USBD_GetString
                0x08006f48       0xa4 ./Middlewares/ST/STM32_USB_Device_Library/Core/Src/usbd_ctlreq.o
                0x08006f48                USBD_GetString
 .text.USBD_GetLen
                0x08006fec       0x34 ./Middlewares/ST/STM32_USB_Device_Library/Core/Src/usbd_ctlreq.o
 .text.USBD_CtlSendData
                0x08007020       0x3c ./Middlewares/ST/STM32_USB_Device_Library/Core/Src/usbd_ioreq.o
                0x08007020                USBD_CtlSendData
 .text.USBD_CtlContinueSendData
                0x0800705c       0x22 ./Middlewares/ST/STM32_USB_Device_Library/Core/Src/usbd_ioreq.o
                0x0800705c                USBD_CtlContinueSendData
 .text.USBD_CtlPrepareRx
                0x0800707e       0x42 ./Middlewares/ST/STM32_USB_Device_Library/Core/Src/usbd_ioreq.o
                0x0800707e                USBD_CtlPrepareRx
 .text.USBD_CtlContinueRx
                0x080070c0       0x22 ./Middlewares/ST/STM32_USB_Device_Library/Core/Src/usbd_ioreq.o
                0x080070c0                USBD_CtlContinueRx
 .text.USBD_CtlSendStatus
                0x080070e2       0x26 ./Middlewares/ST/STM32_USB_Device_Library/Core/Src/usbd_ioreq.o
                0x080070e2                USBD_CtlSendStatus
 .text.USBD_CtlReceiveStatus
                0x08007108       0x26 ./Middlewares/ST/STM32_USB_Device_Library/Core/Src/usbd_ioreq.o
                0x08007108                USBD_CtlReceiveStatus
 *fill*         0x0800712e        0x2 
 .text.MX_USB_DEVICE_Init
                0x08007130       0x60 ./USB_DEVICE/App/usb_device.o
                0x08007130                MX_USB_DEVICE_Init
 .text.CDC_Init_FS
                0x08007190       0x28 ./USB_DEVICE/App/usbd_cdc_if.o
 .text.CDC_DeInit_FS
                0x080071b8       0x10 ./USB_DEVICE/App/usbd_cdc_if.o
 .text.CDC_Control_FS
                0x080071c8       0xbc ./USB_DEVICE/App/usbd_cdc_if.o
 .text.CDC_Receive_FS
                0x08007284       0x44 ./USB_DEVICE/App/usbd_cdc_if.o
 .text.CDC_Transmit_FS
                0x080072c8       0x4c ./USB_DEVICE/App/usbd_cdc_if.o
                0x080072c8                CDC_Transmit_FS
 .text.CDC_TransmitCplt_FS
                0x08007314       0x22 ./USB_DEVICE/App/usbd_cdc_if.o
 *fill*         0x08007336        0x2 
 .text.USBD_FS_DeviceDescriptor
                0x08007338       0x24 ./USB_DEVICE/App/usbd_desc.o
                0x08007338                USBD_FS_DeviceDescriptor
 .text.USBD_FS_LangIDStrDescriptor
                0x0800735c       0x24 ./USB_DEVICE/App/usbd_desc.o
                0x0800735c                USBD_FS_LangIDStrDescriptor
 .text.USBD_FS_ProductStrDescriptor
                0x08007380       0x3c ./USB_DEVICE/App/usbd_desc.o
                0x08007380                USBD_FS_ProductStrDescriptor
 .text.USBD_FS_ManufacturerStrDescriptor
                0x080073bc       0x28 ./USB_DEVICE/App/usbd_desc.o
                0x080073bc                USBD_FS_ManufacturerStrDescriptor
 .text.USBD_FS_SerialStrDescriptor
                0x080073e4       0x24 ./USB_DEVICE/App/usbd_desc.o
                0x080073e4                USBD_FS_SerialStrDescriptor
 .text.USBD_FS_ConfigStrDescriptor
                0x08007408       0x3c ./USB_DEVICE/App/usbd_desc.o
                0x08007408                USBD_FS_ConfigStrDescriptor
 .text.USBD_FS_InterfaceStrDescriptor
                0x08007444       0x3c ./USB_DEVICE/App/usbd_desc.o
                0x08007444                USBD_FS_InterfaceStrDescriptor
 .text.Get_SerialNum
                0x08007480       0x58 ./USB_DEVICE/App/usbd_desc.o
 .text.IntToUnicode
                0x080074d8       0x7e ./USB_DEVICE/App/usbd_desc.o
 *fill*         0x08007556        0x2 
 .text.HAL_PCD_MspInit
                0x08007558       0xc4 ./USB_DEVICE/Target/usbd_conf.o
                0x08007558                HAL_PCD_MspInit
 .text.HAL_PCD_SetupStageCallback
                0x0800761c       0x24 ./USB_DEVICE/Target/usbd_conf.o
                0x0800761c                HAL_PCD_SetupStageCallback
 .text.HAL_PCD_DataOutStageCallback
                0x08007640       0x36 ./USB_DEVICE/Target/usbd_conf.o
                0x08007640                HAL_PCD_DataOutStageCallback
 .text.HAL_PCD_DataInStageCallback
                0x08007676       0x34 ./USB_DEVICE/Target/usbd_conf.o
                0x08007676                HAL_PCD_DataInStageCallback
 .text.HAL_PCD_SOFCallback
                0x080076aa       0x1c ./USB_DEVICE/Target/usbd_conf.o
                0x080076aa                HAL_PCD_SOFCallback
 .text.HAL_PCD_ResetCallback
                0x080076c6       0x50 ./USB_DEVICE/Target/usbd_conf.o
                0x080076c6                HAL_PCD_ResetCallback
 *fill*         0x08007716        0x2 
 .text.HAL_PCD_SuspendCallback
                0x08007718       0x4c ./USB_DEVICE/Target/usbd_conf.o
                0x08007718                HAL_PCD_SuspendCallback
 .text.HAL_PCD_ResumeCallback
                0x08007764       0x1c ./USB_DEVICE/Target/usbd_conf.o
                0x08007764                HAL_PCD_ResumeCallback
 .text.HAL_PCD_ISOOUTIncompleteCallback
                0x08007780       0x24 ./USB_DEVICE/Target/usbd_conf.o
                0x08007780                HAL_PCD_ISOOUTIncompleteCallback
 .text.HAL_PCD_ISOINIncompleteCallback
                0x080077a4       0x24 ./USB_DEVICE/Target/usbd_conf.o
                0x080077a4                HAL_PCD_ISOINIncompleteCallback
 .text.HAL_PCD_ConnectCallback
                0x080077c8       0x1c ./USB_DEVICE/Target/usbd_conf.o
                0x080077c8                HAL_PCD_ConnectCallback
 .text.HAL_PCD_DisconnectCallback
                0x080077e4       0x1c ./USB_DEVICE/Target/usbd_conf.o
                0x080077e4                HAL_PCD_DisconnectCallback
 .text.USBD_LL_Init
                0x08007800       0x98 ./USB_DEVICE/Target/usbd_conf.o
                0x08007800                USBD_LL_Init
 .text.USBD_LL_Start
                0x08007898       0x36 ./USB_DEVICE/Target/usbd_conf.o
                0x08007898                USBD_LL_Start
 .text.USBD_LL_OpenEP
                0x080078ce       0x4c ./USB_DEVICE/Target/usbd_conf.o
                0x080078ce                USBD_LL_OpenEP
 .text.USBD_LL_CloseEP
                0x0800791a       0x3e ./USB_DEVICE/Target/usbd_conf.o
                0x0800791a                USBD_LL_CloseEP
 .text.USBD_LL_StallEP
                0x08007958       0x3e ./USB_DEVICE/Target/usbd_conf.o
                0x08007958                USBD_LL_StallEP
 .text.USBD_LL_ClearStallEP
                0x08007996       0x3e ./USB_DEVICE/Target/usbd_conf.o
                0x08007996                USBD_LL_ClearStallEP
 .text.USBD_LL_IsStallEP
                0x080079d4       0x58 ./USB_DEVICE/Target/usbd_conf.o
                0x080079d4                USBD_LL_IsStallEP
 .text.USBD_LL_SetUSBAddress
                0x08007a2c       0x3e ./USB_DEVICE/Target/usbd_conf.o
                0x08007a2c                USBD_LL_SetUSBAddress
 .text.USBD_LL_Transmit
                0x08007a6a       0x42 ./USB_DEVICE/Target/usbd_conf.o
                0x08007a6a                USBD_LL_Transmit
 .text.USBD_LL_PrepareReceive
                0x08007aac       0x42 ./USB_DEVICE/Target/usbd_conf.o
                0x08007aac                USBD_LL_PrepareReceive
 .text.USBD_LL_GetRxDataSize
                0x08007aee       0x26 ./USB_DEVICE/Target/usbd_conf.o
                0x08007aee                USBD_LL_GetRxDataSize
 .text.USBD_static_malloc
                0x08007b14       0x1c ./USB_DEVICE/Target/usbd_conf.o
                0x08007b14                USBD_static_malloc
 .text.USBD_static_free
                0x08007b30       0x14 ./USB_DEVICE/Target/usbd_conf.o
                0x08007b30                USBD_static_free
 .text.USBD_Get_USB_Status
                0x08007b44       0x58 ./USB_DEVICE/Target/usbd_conf.o
                0x08007b44                USBD_Get_USB_Status
 .text.memset   0x08007b9c       0x10 C:/ST/STM32CubeIDE_1.18.1/STM32CubeIDE/plugins/com.st.stm32cube.ide.mcu.externaltools.gnu-tools-for-stm32.13.3.rel1.win32_1.0.0.202411081344/tools/bin/../lib/gcc/arm-none-eabi/13.3.1/../../../../arm-none-eabi/lib/thumb/v7e-m+fp/hard\libc_nano.a(libc_a-memset.o)
                0x08007b9c                memset
 .text.__libc_init_array
                0x08007bac       0x48 C:/ST/STM32CubeIDE_1.18.1/STM32CubeIDE/plugins/com.st.stm32cube.ide.mcu.externaltools.gnu-tools-for-stm32.13.3.rel1.win32_1.0.0.202411081344/tools/bin/../lib/gcc/arm-none-eabi/13.3.1/../../../../arm-none-eabi/lib/thumb/v7e-m+fp/hard\libc_nano.a(libc_a-init.o)
                0x08007bac                __libc_init_array
 *(.glue_7)
 .glue_7        0x08007bf4        0x0 linker stubs
 *(.glue_7t)
 .glue_7t       0x08007bf4        0x0 linker stubs
 *(.eh_frame)
 .eh_frame      0x08007bf4        0x0 C:/ST/STM32CubeIDE_1.18.1/STM32CubeIDE/plugins/com.st.stm32cube.ide.mcu.externaltools.gnu-tools-for-stm32.13.3.rel1.win32_1.0.0.202411081344/tools/bin/../lib/gcc/arm-none-eabi/13.3.1/thumb/v7e-m+fp/hard/crtbegin.o
 *(.init)
 .init          0x08007bf4        0x4 C:/ST/STM32CubeIDE_1.18.1/STM32CubeIDE/plugins/com.st.stm32cube.ide.mcu.externaltools.gnu-tools-for-stm32.13.3.rel1.win32_1.0.0.202411081344/tools/bin/../lib/gcc/arm-none-eabi/13.3.1/thumb/v7e-m+fp/hard/crti.o
                0x08007bf4                _init
 .init          0x08007bf8        0x8 C:/ST/STM32CubeIDE_1.18.1/STM32CubeIDE/plugins/com.st.stm32cube.ide.mcu.externaltools.gnu-tools-for-stm32.13.3.rel1.win32_1.0.0.202411081344/tools/bin/../lib/gcc/arm-none-eabi/13.3.1/thumb/v7e-m+fp/hard/crtn.o
 *(.fini)
 .fini          0x08007c00        0x4 C:/ST/STM32CubeIDE_1.18.1/STM32CubeIDE/plugins/com.st.stm32cube.ide.mcu.externaltools.gnu-tools-for-stm32.13.3.rel1.win32_1.0.0.202411081344/tools/bin/../lib/gcc/arm-none-eabi/13.3.1/thumb/v7e-m+fp/hard/crti.o
                0x08007c00                _fini
 .fini          0x08007c04        0x8 C:/ST/STM32CubeIDE_1.18.1/STM32CubeIDE/plugins/com.st.stm32cube.ide.mcu.externaltools.gnu-tools-for-stm32.13.3.rel1.win32_1.0.0.202411081344/tools/bin/../lib/gcc/arm-none-eabi/13.3.1/thumb/v7e-m+fp/hard/crtn.o
                0x08007c0c                        . = ALIGN (0x4)
                0x08007c0c                        _etext = .

.vfp11_veneer   0x08007c0c        0x0
 .vfp11_veneer  0x08007c0c        0x0 linker stubs

.v4_bx          0x08007c0c        0x0
 .v4_bx         0x08007c0c        0x0 linker stubs

.iplt           0x08007c0c        0x0
 .iplt          0x08007c0c        0x0 C:/ST/STM32CubeIDE_1.18.1/STM32CubeIDE/plugins/com.st.stm32cube.ide.mcu.externaltools.gnu-tools-for-stm32.13.3.rel1.win32_1.0.0.202411081344/tools/bin/../lib/gcc/arm-none-eabi/13.3.1/thumb/v7e-m+fp/hard/crtbegin.o

.rodata         0x08007c0c       0x60
                0x08007c0c                        . = ALIGN (0x4)
 *(.rodata)
 .rodata        0x08007c0c       0x46 ./USB_DEVICE/App/usbd_desc.o
 *(.rodata*)
 *fill*         0x08007c52        0x2 
 .rodata.AHBPrescTable
                0x08007c54       0x10 ./Core/Src/system_stm32f4xx.o
                0x08007c54                AHBPrescTable
 .rodata.APBPrescTable
                0x08007c64        0x8 ./Core/Src/system_stm32f4xx.o
                0x08007c64                APBPrescTable
                0x08007c6c                        . = ALIGN (0x4)

.ARM.extab      0x08007c6c        0x0
                0x08007c6c                        . = ALIGN (0x4)
 *(.ARM.extab* .gnu.linkonce.armextab.*)
                0x08007c6c                        . = ALIGN (0x4)

.ARM            0x08007c6c        0x8
                0x08007c6c                        . = ALIGN (0x4)
                0x08007c6c                        __exidx_start = .
 *(.ARM.exidx*)
 .ARM.exidx     0x08007c6c        0x8 C:/ST/STM32CubeIDE_1.18.1/STM32CubeIDE/plugins/com.st.stm32cube.ide.mcu.externaltools.gnu-tools-for-stm32.13.3.rel1.win32_1.0.0.202411081344/tools/bin/../lib/gcc/arm-none-eabi/13.3.1/thumb/v7e-m+fp/hard\libgcc.a(_udivmoddi4.o)
                0x08007c74                        __exidx_end = .
                0x08007c74                        . = ALIGN (0x4)

.preinit_array  0x08007c74        0x0
                0x08007c74                        . = ALIGN (0x4)
                0x08007c74                        PROVIDE (__preinit_array_start = .)
 *(.preinit_array*)
                0x08007c74                        PROVIDE (__preinit_array_end = .)
                0x08007c74                        . = ALIGN (0x4)

.init_array     0x08007c74        0x4
                0x08007c74                        . = ALIGN (0x4)
                0x08007c74                        PROVIDE (__init_array_start = .)
 *(SORT_BY_NAME(.init_array.*))
 *(.init_array*)
 .init_array    0x08007c74        0x4 C:/ST/STM32CubeIDE_1.18.1/STM32CubeIDE/plugins/com.st.stm32cube.ide.mcu.externaltools.gnu-tools-for-stm32.13.3.rel1.win32_1.0.0.202411081344/tools/bin/../lib/gcc/arm-none-eabi/13.3.1/thumb/v7e-m+fp/hard/crtbegin.o
                0x08007c78                        PROVIDE (__init_array_end = .)
                0x08007c78                        . = ALIGN (0x4)

.fini_array     0x08007c78        0x4
                0x08007c78                        . = ALIGN (0x4)
                [!provide]                        PROVIDE (__fini_array_start = .)
 *(SORT_BY_NAME(.fini_array.*))
 *(.fini_array*)
 .fini_array    0x08007c78        0x4 C:/ST/STM32CubeIDE_1.18.1/STM32CubeIDE/plugins/com.st.stm32cube.ide.mcu.externaltools.gnu-tools-for-stm32.13.3.rel1.win32_1.0.0.202411081344/tools/bin/../lib/gcc/arm-none-eabi/13.3.1/thumb/v7e-m+fp/hard/crtbegin.o
                [!provide]                        PROVIDE (__fini_array_end = .)
                0x08007c7c                        . = ALIGN (0x4)
                0x08007c7c                        _sidata = LOADADDR (.data)

.rel.dyn        0x08007c7c        0x0
 .rel.iplt      0x08007c7c        0x0 C:/ST/STM32CubeIDE_1.18.1/STM32CubeIDE/plugins/com.st.stm32cube.ide.mcu.externaltools.gnu-tools-for-stm32.13.3.rel1.win32_1.0.0.202411081344/tools/bin/../lib/gcc/arm-none-eabi/13.3.1/thumb/v7e-m+fp/hard/crtbegin.o

.data           0x20000000       0xfc load address 0x08007c7c
                0x20000000                        . = ALIGN (0x4)
                0x20000000                        _sdata = .
 *(.data)
 *(.data*)
 .data.SystemCoreClock
                0x20000000        0x4 ./Core/Src/system_stm32f4xx.o
                0x20000000                SystemCoreClock
 .data.uwTickPrio
                0x20000004        0x4 ./Drivers/STM32F4xx_HAL_Driver/Src/stm32f4xx_hal.o
                0x20000004                uwTickPrio
 .data.uwTickFreq
                0x20000008        0x1 ./Drivers/STM32F4xx_HAL_Driver/Src/stm32f4xx_hal.o
                0x20000008                uwTickFreq
 *fill*         0x20000009        0x3 
 .data.USBD_CDC_DeviceQualifierDesc
                0x2000000c        0xa ./Middlewares/ST/STM32_USB_Device_Library/Class/CDC/Src/usbd_cdc.o
 *fill*         0x20000016        0x2 
 .data.USBD_CDC
                0x20000018       0x38 ./Middlewares/ST/STM32_USB_Device_Library/Class/CDC/Src/usbd_cdc.o
                0x20000018                USBD_CDC
 .data.USBD_CDC_CfgDesc
                0x20000050       0x43 ./Middlewares/ST/STM32_USB_Device_Library/Class/CDC/Src/usbd_cdc.o
 .data.CDCInEpAdd
                0x20000093        0x1 ./Middlewares/ST/STM32_USB_Device_Library/Class/CDC/Src/usbd_cdc.o
 .data.CDCOutEpAdd
                0x20000094        0x1 ./Middlewares/ST/STM32_USB_Device_Library/Class/CDC/Src/usbd_cdc.o
 .data.CDCCmdEpAdd
                0x20000095        0x1 ./Middlewares/ST/STM32_USB_Device_Library/Class/CDC/Src/usbd_cdc.o
 *fill*         0x20000096        0x2 
 .data.USBD_Interface_fops_FS
                0x20000098       0x14 ./USB_DEVICE/App/usbd_cdc_if.o
                0x20000098                USBD_Interface_fops_FS
 .data.FS_Desc  0x200000ac       0x1c ./USB_DEVICE/App/usbd_desc.o
                0x200000ac                FS_Desc
 .data.USBD_FS_DeviceDesc
                0x200000c8       0x12 ./USB_DEVICE/App/usbd_desc.o
                0x200000c8                USBD_FS_DeviceDesc
 *fill*         0x200000da        0x2 
 .data.USBD_LangIDDesc
                0x200000dc        0x4 ./USB_DEVICE/App/usbd_desc.o
                0x200000dc                USBD_LangIDDesc
 .data.USBD_StringSerial
                0x200000e0       0x1a ./USB_DEVICE/App/usbd_desc.o
                0x200000e0                USBD_StringSerial
 *(.RamFunc)
 *(.RamFunc*)
                0x200000fc                        . = ALIGN (0x4)
 *fill*         0x200000fa        0x2 
                0x200000fc                        _edata = .
                0x08007d78                        _siccmram = LOADADDR (.ccmram)

.igot.plt       0x200000fc        0x0 load address 0x08007d78
 .igot.plt      0x200000fc        0x0 C:/ST/STM32CubeIDE_1.18.1/STM32CubeIDE/plugins/com.st.stm32cube.ide.mcu.externaltools.gnu-tools-for-stm32.13.3.rel1.win32_1.0.0.202411081344/tools/bin/../lib/gcc/arm-none-eabi/13.3.1/thumb/v7e-m+fp/hard/crtbegin.o

.ccmram         0x10000000        0x0 load address 0x08007d78
                0x10000000                        . = ALIGN (0x4)
                0x10000000                        _sccmram = .
 *(.ccmram)
 *(.ccmram*)
                0x10000000                        . = ALIGN (0x4)
                0x10000000                        _eccmram = .
                0x10000000                        . = ALIGN (0x4)

.bss            0x200000fc     0x1c58
                0x200000fc                        _sbss = .
                0x200000fc                        __bss_start__ = _sbss
 *(.bss)
 .bss           0x200000fc       0x1c C:/ST/STM32CubeIDE_1.18.1/STM32CubeIDE/plugins/com.st.stm32cube.ide.mcu.externaltools.gnu-tools-for-stm32.13.3.rel1.win32_1.0.0.202411081344/tools/bin/../lib/gcc/arm-none-eabi/13.3.1/thumb/v7e-m+fp/hard/crtbegin.o
 *(.bss*)
 .bss.hi2c1     0x20000118       0x54 ./Core/Src/i2c.o
                0x20000118                hi2c1
 .bss.uwTick    0x2000016c        0x4 ./Drivers/STM32F4xx_HAL_Driver/Src/stm32f4xx_hal.o
                0x2000016c                uwTick
 .bss.cfgidx.0  0x20000170        0x1 ./Middlewares/ST/STM32_USB_Device_Library/Core/Src/usbd_ctlreq.o
 *fill*         0x20000171        0x3 
 .bss.hUsbDeviceFS
                0x20000174      0x2dc ./USB_DEVICE/App/usb_device.o
                0x20000174                hUsbDeviceFS
 .bss.UserRxBufferFS
                0x20000450      0x800 ./USB_DEVICE/App/usbd_cdc_if.o
                0x20000450                UserRxBufferFS
 .bss.UserTxBufferFS
                0x20000c50      0x800 ./USB_DEVICE/App/usbd_cdc_if.o
                0x20000c50                UserTxBufferFS
 .bss.USBD_StrDesc
                0x20001450      0x200 ./USB_DEVICE/App/usbd_desc.o
                0x20001450                USBD_StrDesc
 .bss.hpcd_USB_OTG_FS
                0x20001650      0x4e4 ./USB_DEVICE/Target/usbd_conf.o
                0x20001650                hpcd_USB_OTG_FS
 .bss.mem.0     0x20001b34      0x220 ./USB_DEVICE/Target/usbd_conf.o
 *(COMMON)
                0x20001d54                        . = ALIGN (0x4)
                0x20001d54                        _ebss = .
                0x20001d54                        __bss_end__ = _ebss

._user_heap_stack
                0x20001d54      0x604
                0x20001d58                        . = ALIGN (0x8)
 *fill*         0x20001d54        0x4 
                [!provide]                        PROVIDE (end = .)
                0x20001d58                        PROVIDE (_end = .)
                0x20001f58                        . = (. + _Min_Heap_Size)
 *fill*         0x20001d58      0x200 
                0x20002358                        . = (. + _Min_Stack_Size)
 *fill*         0x20001f58      0x400 
                0x20002358                        . = ALIGN (0x8)

/DISCARD/
 libc.a(*)
 libm.a(*)
 libgcc.a(*)

.ARM.attributes
                0x00000000       0x30
 *(.ARM.attributes)
 .ARM.attributes
                0x00000000       0x22 C:/ST/STM32CubeIDE_1.18.1/STM32CubeIDE/plugins/com.st.stm32cube.ide.mcu.externaltools.gnu-tools-for-stm32.13.3.rel1.win32_1.0.0.202411081344/tools/bin/../lib/gcc/arm-none-eabi/13.3.1/thumb/v7e-m+fp/hard/crti.o
 .ARM.attributes
                0x00000022       0x34 C:/ST/STM32CubeIDE_1.18.1/STM32CubeIDE/plugins/com.st.stm32cube.ide.mcu.externaltools.gnu-tools-for-stm32.13.3.rel1.win32_1.0.0.202411081344/tools/bin/../lib/gcc/arm-none-eabi/13.3.1/thumb/v7e-m+fp/hard/crtbegin.o
 .ARM.attributes
                0x00000056       0x34 ./Core/Src/gpio.o
 .ARM.attributes
                0x0000008a       0x34 ./Core/Src/i2c.o
 .ARM.attributes
                0x000000be       0x34 ./Core/Src/main.o
 .ARM.attributes
                0x000000f2       0x34 ./Core/Src/spi.o
 .ARM.attributes
                0x00000126       0x34 ./Core/Src/stm32f4xx_hal_msp.o
 .ARM.attributes
                0x0000015a       0x34 ./Core/Src/stm32f4xx_it.o
 .ARM.attributes
                0x0000018e       0x34 ./Core/Src/system_stm32f4xx.o
 .ARM.attributes
                0x000001c2       0x21 ./Core/Startup/startup_stm32f407vgtx.o
 .ARM.attributes
                0x000001e3       0x34 ./Drivers/STM32F4xx_HAL_Driver/Src/stm32f4xx_hal.o
 .ARM.attributes
                0x00000217       0x34 ./Drivers/STM32F4xx_HAL_Driver/Src/stm32f4xx_hal_cortex.o
 .ARM.attributes
                0x0000024b       0x34 ./Drivers/STM32F4xx_HAL_Driver/Src/stm32f4xx_hal_gpio.o
 .ARM.attributes
                0x0000027f       0x34 ./Drivers/STM32F4xx_HAL_Driver/Src/stm32f4xx_hal_i2c.o
 .ARM.attributes
                0x000002b3       0x34 ./Drivers/STM32F4xx_HAL_Driver/Src/stm32f4xx_hal_pcd.o
 .ARM.attributes
                0x000002e7       0x34 ./Drivers/STM32F4xx_HAL_Driver/Src/stm32f4xx_hal_pcd_ex.o
 .ARM.attributes
                0x0000031b       0x34 ./Drivers/STM32F4xx_HAL_Driver/Src/stm32f4xx_hal_rcc.o
 .ARM.attributes
                0x0000034f       0x34 ./Drivers/STM32F4xx_HAL_Driver/Src/stm32f4xx_ll_exti.o
 .ARM.attributes
                0x00000383       0x34 ./Drivers/STM32F4xx_HAL_Driver/Src/stm32f4xx_ll_gpio.o
 .ARM.attributes
                0x000003b7       0x34 ./Drivers/STM32F4xx_HAL_Driver/Src/stm32f4xx_ll_spi.o
 .ARM.attributes
                0x000003eb       0x34 ./Drivers/STM32F4xx_HAL_Driver/Src/stm32f4xx_ll_usb.o
 .ARM.attributes
                0x0000041f       0x34 ./Middlewares/ST/STM32_USB_Device_Library/Class/CDC/Src/usbd_cdc.o
 .ARM.attributes
                0x00000453       0x34 ./Middlewares/ST/STM32_USB_Device_Library/Core/Src/usbd_core.o
 .ARM.attributes
                0x00000487       0x34 ./Middlewares/ST/STM32_USB_Device_Library/Core/Src/usbd_ctlreq.o
 .ARM.attributes
                0x000004bb       0x34 ./Middlewares/ST/STM32_USB_Device_Library/Core/Src/usbd_ioreq.o
 .ARM.attributes
                0x000004ef       0x34 ./USB_DEVICE/App/usb_device.o
 .ARM.attributes
                0x00000523       0x34 ./USB_DEVICE/App/usbd_cdc_if.o
 .ARM.attributes
                0x00000557       0x34 ./USB_DEVICE/App/usbd_desc.o
 .ARM.attributes
                0x0000058b       0x34 ./USB_DEVICE/Target/usbd_conf.o
 .ARM.attributes
                0x000005bf       0x34 C:/ST/STM32CubeIDE_1.18.1/STM32CubeIDE/plugins/com.st.stm32cube.ide.mcu.externaltools.gnu-tools-for-stm32.13.3.rel1.win32_1.0.0.202411081344/tools/bin/../lib/gcc/arm-none-eabi/13.3.1/../../../../arm-none-eabi/lib/thumb/v7e-m+fp/hard\libc_nano.a(libc_a-memset.o)
 .ARM.attributes
                0x000005f3       0x34 C:/ST/STM32CubeIDE_1.18.1/STM32CubeIDE/plugins/com.st.stm32cube.ide.mcu.externaltools.gnu-tools-for-stm32.13.3.rel1.win32_1.0.0.202411081344/tools/bin/../lib/gcc/arm-none-eabi/13.3.1/../../../../arm-none-eabi/lib/thumb/v7e-m+fp/hard\libc_nano.a(libc_a-init.o)
 .ARM.attributes
                0x00000627       0x22 C:/ST/STM32CubeIDE_1.18.1/STM32CubeIDE/plugins/com.st.stm32cube.ide.mcu.externaltools.gnu-tools-for-stm32.13.3.rel1.win32_1.0.0.202411081344/tools/bin/../lib/gcc/arm-none-eabi/13.3.1/thumb/v7e-m+fp/hard\libgcc.a(_aeabi_uldivmod.o)
 .ARM.attributes
                0x00000649       0x34 C:/ST/STM32CubeIDE_1.18.1/STM32CubeIDE/plugins/com.st.stm32cube.ide.mcu.externaltools.gnu-tools-for-stm32.13.3.rel1.win32_1.0.0.202411081344/tools/bin/../lib/gcc/arm-none-eabi/13.3.1/thumb/v7e-m+fp/hard\libgcc.a(_udivmoddi4.o)
 .ARM.attributes
                0x0000067d       0x22 C:/ST/STM32CubeIDE_1.18.1/STM32CubeIDE/plugins/com.st.stm32cube.ide.mcu.externaltools.gnu-tools-for-stm32.13.3.rel1.win32_1.0.0.202411081344/tools/bin/../lib/gcc/arm-none-eabi/13.3.1/thumb/v7e-m+fp/hard\libgcc.a(_dvmd_tls.o)
 .ARM.attributes
                0x0000069f       0x22 C:/ST/STM32CubeIDE_1.18.1/STM32CubeIDE/plugins/com.st.stm32cube.ide.mcu.externaltools.gnu-tools-for-stm32.13.3.rel1.win32_1.0.0.202411081344/tools/bin/../lib/gcc/arm-none-eabi/13.3.1/thumb/v7e-m+fp/hard/crtn.o
OUTPUT(OTA.elf elf32-littlearm)
LOAD linker stubs
LOAD C:/ST/STM32CubeIDE_1.18.1/STM32CubeIDE/plugins/com.st.stm32cube.ide.mcu.externaltools.gnu-tools-for-stm32.13.3.rel1.win32_1.0.0.202411081344/tools/bin/../lib/gcc/arm-none-eabi/13.3.1/../../../../arm-none-eabi/lib/thumb/v7e-m+fp/hard\libc.a
LOAD C:/ST/STM32CubeIDE_1.18.1/STM32CubeIDE/plugins/com.st.stm32cube.ide.mcu.externaltools.gnu-tools-for-stm32.13.3.rel1.win32_1.0.0.202411081344/tools/bin/../lib/gcc/arm-none-eabi/13.3.1/../../../../arm-none-eabi/lib/thumb/v7e-m+fp/hard\libm.a
LOAD C:/ST/STM32CubeIDE_1.18.1/STM32CubeIDE/plugins/com.st.stm32cube.ide.mcu.externaltools.gnu-tools-for-stm32.13.3.rel1.win32_1.0.0.202411081344/tools/bin/../lib/gcc/arm-none-eabi/13.3.1/thumb/v7e-m+fp/hard\libgcc.a

.debug_info     0x00000000    0x124cb
 .debug_info    0x00000000      0x7b4 ./Core/Src/gpio.o
 .debug_info    0x000007b4      0x999 ./Core/Src/i2c.o
 .debug_info    0x0000114d      0x501 ./Core/Src/main.o
 .debug_info    0x0000164e      0x5a4 ./Core/Src/spi.o
 .debug_info    0x00001bf2      0x2c4 ./Core/Src/stm32f4xx_hal_msp.o
 .debug_info    0x00001eb6      0x653 ./Core/Src/stm32f4xx_it.o
 .debug_info    0x00002509      0x512 ./Core/Src/system_stm32f4xx.o
 .debug_info    0x00002a1b       0x30 ./Core/Startup/startup_stm32f407vgtx.o
 .debug_info    0x00002a4b      0x944 ./Drivers/STM32F4xx_HAL_Driver/Src/stm32f4xx_hal.o
 .debug_info    0x0000338f      0xd8c ./Drivers/STM32F4xx_HAL_Driver/Src/stm32f4xx_hal_cortex.o
 .debug_info    0x0000411b      0x6c3 ./Drivers/STM32F4xx_HAL_Driver/Src/stm32f4xx_hal_gpio.o
 .debug_info    0x000047de     0x2415 ./Drivers/STM32F4xx_HAL_Driver/Src/stm32f4xx_hal_i2c.o
 .debug_info    0x00006bf3     0x156f ./Drivers/STM32F4xx_HAL_Driver/Src/stm32f4xx_hal_pcd.o
 .debug_info    0x00008162      0x6ea ./Drivers/STM32F4xx_HAL_Driver/Src/stm32f4xx_hal_pcd_ex.o
 .debug_info    0x0000884c      0x8c3 ./Drivers/STM32F4xx_HAL_Driver/Src/stm32f4xx_hal_rcc.o
 .debug_info    0x0000910f      0x337 ./Drivers/STM32F4xx_HAL_Driver/Src/stm32f4xx_ll_exti.o
 .debug_info    0x00009446      0x927 ./Drivers/STM32F4xx_HAL_Driver/Src/stm32f4xx_ll_gpio.o
 .debug_info    0x00009d6d      0x78a ./Drivers/STM32F4xx_HAL_Driver/Src/stm32f4xx_ll_spi.o
 .debug_info    0x0000a4f7     0x1993 ./Drivers/STM32F4xx_HAL_Driver/Src/stm32f4xx_ll_usb.o
 .debug_info    0x0000be8a     0x12dd ./Middlewares/ST/STM32_USB_Device_Library/Class/CDC/Src/usbd_cdc.o
 .debug_info    0x0000d167      0xe3e ./Middlewares/ST/STM32_USB_Device_Library/Core/Src/usbd_core.o
 .debug_info    0x0000dfa5      0xb17 ./Middlewares/ST/STM32_USB_Device_Library/Core/Src/usbd_ctlreq.o
 .debug_info    0x0000eabc      0x78e ./Middlewares/ST/STM32_USB_Device_Library/Core/Src/usbd_ioreq.o
 .debug_info    0x0000f24a      0x73a ./USB_DEVICE/App/usb_device.o
 .debug_info    0x0000f984      0xa1a ./USB_DEVICE/App/usbd_cdc_if.o
 .debug_info    0x0001039e      0x484 ./USB_DEVICE/App/usbd_desc.o
 .debug_info    0x00010822     0x1ca9 ./USB_DEVICE/Target/usbd_conf.o

.debug_abbrev   0x00000000     0x3851
 .debug_abbrev  0x00000000      0x216 ./Core/Src/gpio.o
 .debug_abbrev  0x00000216      0x1f6 ./Core/Src/i2c.o
 .debug_abbrev  0x0000040c      0x1dd ./Core/Src/main.o
 .debug_abbrev  0x000005e9      0x19e ./Core/Src/spi.o
 .debug_abbrev  0x00000787       0xf9 ./Core/Src/stm32f4xx_hal_msp.o
 .debug_abbrev  0x00000880      0x1bc ./Core/Src/stm32f4xx_it.o
 .debug_abbrev  0x00000a3c      0x11a ./Core/Src/system_stm32f4xx.o
 .debug_abbrev  0x00000b56       0x24 ./Core/Startup/startup_stm32f407vgtx.o
 .debug_abbrev  0x00000b7a      0x214 ./Drivers/STM32F4xx_HAL_Driver/Src/stm32f4xx_hal.o
 .debug_abbrev  0x00000d8e      0x31d ./Drivers/STM32F4xx_HAL_Driver/Src/stm32f4xx_hal_cortex.o
 .debug_abbrev  0x000010ab      0x1d4 ./Drivers/STM32F4xx_HAL_Driver/Src/stm32f4xx_hal_gpio.o
 .debug_abbrev  0x0000127f      0x2ad ./Drivers/STM32F4xx_HAL_Driver/Src/stm32f4xx_hal_i2c.o
 .debug_abbrev  0x0000152c      0x2b9 ./Drivers/STM32F4xx_HAL_Driver/Src/stm32f4xx_hal_pcd.o
 .debug_abbrev  0x000017e5      0x1da ./Drivers/STM32F4xx_HAL_Driver/Src/stm32f4xx_hal_pcd_ex.o
 .debug_abbrev  0x000019bf      0x2b7 ./Drivers/STM32F4xx_HAL_Driver/Src/stm32f4xx_hal_rcc.o
 .debug_abbrev  0x00001c76      0x18a ./Drivers/STM32F4xx_HAL_Driver/Src/stm32f4xx_ll_exti.o
 .debug_abbrev  0x00001e00      0x237 ./Drivers/STM32F4xx_HAL_Driver/Src/stm32f4xx_ll_gpio.o
 .debug_abbrev  0x00002037      0x217 ./Drivers/STM32F4xx_HAL_Driver/Src/stm32f4xx_ll_spi.o
 .debug_abbrev  0x0000224e      0x2b3 ./Drivers/STM32F4xx_HAL_Driver/Src/stm32f4xx_ll_usb.o
 .debug_abbrev  0x00002501      0x2ea ./Middlewares/ST/STM32_USB_Device_Library/Class/CDC/Src/usbd_cdc.o
 .debug_abbrev  0x000027eb      0x294 ./Middlewares/ST/STM32_USB_Device_Library/Core/Src/usbd_core.o
 .debug_abbrev  0x00002a7f      0x276 ./Middlewares/ST/STM32_USB_Device_Library/Core/Src/usbd_ctlreq.o
 .debug_abbrev  0x00002cf5      0x1b2 ./Middlewares/ST/STM32_USB_Device_Library/Core/Src/usbd_ioreq.o
 .debug_abbrev  0x00002ea7      0x1ad ./USB_DEVICE/App/usb_device.o
 .debug_abbrev  0x00003054      0x2c6 ./USB_DEVICE/App/usbd_cdc_if.o
 .debug_abbrev  0x0000331a      0x1f9 ./USB_DEVICE/App/usbd_desc.o
 .debug_abbrev  0x00003513      0x33e ./USB_DEVICE/Target/usbd_conf.o

.debug_aranges  0x00000000     0x1018
 .debug_aranges
                0x00000000       0x50 ./Core/Src/gpio.o
 .debug_aranges
                0x00000050       0x30 ./Core/Src/i2c.o
 .debug_aranges
                0x00000080       0x30 ./Core/Src/main.o
 .debug_aranges
                0x000000b0       0x38 ./Core/Src/spi.o
 .debug_aranges
                0x000000e8       0x20 ./Core/Src/stm32f4xx_hal_msp.o
 .debug_aranges
                0x00000108       0x68 ./Core/Src/stm32f4xx_it.o
 .debug_aranges
                0x00000170       0x28 ./Core/Src/system_stm32f4xx.o
 .debug_aranges
                0x00000198       0x28 ./Core/Startup/startup_stm32f407vgtx.o
 .debug_aranges
                0x000001c0       0xf0 ./Drivers/STM32F4xx_HAL_Driver/Src/stm32f4xx_hal.o
 .debug_aranges
                0x000002b0      0x130 ./Drivers/STM32F4xx_HAL_Driver/Src/stm32f4xx_hal_cortex.o
 .debug_aranges
                0x000003e0       0x58 ./Drivers/STM32F4xx_HAL_Driver/Src/stm32f4xx_hal_gpio.o
 .debug_aranges
                0x00000438      0x2a8 ./Drivers/STM32F4xx_HAL_Driver/Src/stm32f4xx_hal_i2c.o
 .debug_aranges
                0x000006e0      0x148 ./Drivers/STM32F4xx_HAL_Driver/Src/stm32f4xx_hal_pcd.o
 .debug_aranges
                0x00000828       0x38 ./Drivers/STM32F4xx_HAL_Driver/Src/stm32f4xx_hal_pcd_ex.o
 .debug_aranges
                0x00000860       0x88 ./Drivers/STM32F4xx_HAL_Driver/Src/stm32f4xx_hal_rcc.o
 .debug_aranges
                0x000008e8       0x70 ./Drivers/STM32F4xx_HAL_Driver/Src/stm32f4xx_ll_exti.o
 .debug_aranges
                0x00000958       0x70 ./Drivers/STM32F4xx_HAL_Driver/Src/stm32f4xx_ll_gpio.o
 .debug_aranges
                0x000009c8       0x90 ./Drivers/STM32F4xx_HAL_Driver/Src/stm32f4xx_ll_spi.o
 .debug_aranges
                0x00000a58      0x1a0 ./Drivers/STM32F4xx_HAL_Driver/Src/stm32f4xx_ll_usb.o
 .debug_aranges
                0x00000bf8       0x90 ./Middlewares/ST/STM32_USB_Device_Library/Class/CDC/Src/usbd_cdc.o
 .debug_aranges
                0x00000c88       0xd8 ./Middlewares/ST/STM32_USB_Device_Library/Core/Src/usbd_core.o
 .debug_aranges
                0x00000d60       0x90 ./Middlewares/ST/STM32_USB_Device_Library/Core/Src/usbd_ctlreq.o
 .debug_aranges
                0x00000df0       0x50 ./Middlewares/ST/STM32_USB_Device_Library/Core/Src/usbd_ioreq.o
 .debug_aranges
                0x00000e40       0x20 ./USB_DEVICE/App/usb_device.o
 .debug_aranges
                0x00000e60       0x48 ./USB_DEVICE/App/usbd_cdc_if.o
 .debug_aranges
                0x00000ea8       0x60 ./USB_DEVICE/App/usbd_desc.o
 .debug_aranges
                0x00000f08      0x110 ./USB_DEVICE/Target/usbd_conf.o

.debug_rnglists
                0x00000000      0xc12
 .debug_rnglists
                0x00000000       0x38 ./Core/Src/gpio.o
 .debug_rnglists
                0x00000038       0x20 ./Core/Src/i2c.o
 .debug_rnglists
                0x00000058       0x20 ./Core/Src/main.o
 .debug_rnglists
                0x00000078       0x26 ./Core/Src/spi.o
 .debug_rnglists
                0x0000009e       0x13 ./Core/Src/stm32f4xx_hal_msp.o
 .debug_rnglists
                0x000000b1       0x49 ./Core/Src/stm32f4xx_it.o
 .debug_rnglists
                0x000000fa       0x1a ./Core/Src/system_stm32f4xx.o
 .debug_rnglists
                0x00000114       0x19 ./Core/Startup/startup_stm32f407vgtx.o
 .debug_rnglists
                0x0000012d       0xaf ./Drivers/STM32F4xx_HAL_Driver/Src/stm32f4xx_hal.o
 .debug_rnglists
                0x000001dc       0xe0 ./Drivers/STM32F4xx_HAL_Driver/Src/stm32f4xx_hal_cortex.o
 .debug_rnglists
                0x000002bc       0x3f ./Drivers/STM32F4xx_HAL_Driver/Src/stm32f4xx_hal_gpio.o
 .debug_rnglists
                0x000002fb      0x23c ./Drivers/STM32F4xx_HAL_Driver/Src/stm32f4xx_hal_i2c.o
 .debug_rnglists
                0x00000537       0xfa ./Drivers/STM32F4xx_HAL_Driver/Src/stm32f4xx_hal_pcd.o
 .debug_rnglists
                0x00000631       0x26 ./Drivers/STM32F4xx_HAL_Driver/Src/stm32f4xx_hal_pcd_ex.o
 .debug_rnglists
                0x00000657       0x66 ./Drivers/STM32F4xx_HAL_Driver/Src/stm32f4xx_hal_rcc.o
 .debug_rnglists
                0x000006bd       0x50 ./Drivers/STM32F4xx_HAL_Driver/Src/stm32f4xx_ll_exti.o
 .debug_rnglists
                0x0000070d       0x51 ./Drivers/STM32F4xx_HAL_Driver/Src/stm32f4xx_ll_gpio.o
 .debug_rnglists
                0x0000075e       0x6a ./Drivers/STM32F4xx_HAL_Driver/Src/stm32f4xx_ll_spi.o
 .debug_rnglists
                0x000007c8      0x147 ./Drivers/STM32F4xx_HAL_Driver/Src/stm32f4xx_ll_usb.o
 .debug_rnglists
                0x0000090f       0x6c ./Middlewares/ST/STM32_USB_Device_Library/Class/CDC/Src/usbd_cdc.o
 .debug_rnglists
                0x0000097b       0xa1 ./Middlewares/ST/STM32_USB_Device_Library/Core/Src/usbd_core.o
 .debug_rnglists
                0x00000a1c       0x6e ./Middlewares/ST/STM32_USB_Device_Library/Core/Src/usbd_ctlreq.o
 .debug_rnglists
                0x00000a8a       0x37 ./Middlewares/ST/STM32_USB_Device_Library/Core/Src/usbd_ioreq.o
 .debug_rnglists
                0x00000ac1       0x13 ./USB_DEVICE/App/usb_device.o
 .debug_rnglists
                0x00000ad4       0x32 ./USB_DEVICE/App/usbd_cdc_if.o
 .debug_rnglists
                0x00000b06       0x43 ./USB_DEVICE/App/usbd_desc.o
 .debug_rnglists
                0x00000b49       0xc9 ./USB_DEVICE/Target/usbd_conf.o

.debug_macro    0x00000000    0x259d5
 .debug_macro   0x00000000      0x261 ./Core/Src/gpio.o
 .debug_macro   0x00000261      0xade ./Core/Src/gpio.o
 .debug_macro   0x00000d3f      0x29b ./Core/Src/gpio.o
 .debug_macro   0x00000fda       0x2e ./Core/Src/gpio.o
 .debug_macro   0x00001008       0x2f ./Core/Src/gpio.o
 .debug_macro   0x00001037       0x22 ./Core/Src/gpio.o
 .debug_macro   0x00001059       0x8e ./Core/Src/gpio.o
 .debug_macro   0x000010e7       0x51 ./Core/Src/gpio.o
 .debug_macro   0x00001138      0x103 ./Core/Src/gpio.o
 .debug_macro   0x0000123b       0x6a ./Core/Src/gpio.o
 .debug_macro   0x000012a5      0x1df ./Core/Src/gpio.o
 .debug_macro   0x00001484       0x1c ./Core/Src/gpio.o
 .debug_macro   0x000014a0       0x22 ./Core/Src/gpio.o
 .debug_macro   0x000014c2       0xfb ./Core/Src/gpio.o
 .debug_macro   0x000015bd     0x1011 ./Core/Src/gpio.o
 .debug_macro   0x000025ce      0x11f ./Core/Src/gpio.o
 .debug_macro   0x000026ed    0x15ea5 ./Core/Src/gpio.o
 .debug_macro   0x00018592       0x6d ./Core/Src/gpio.o
 .debug_macro   0x000185ff     0x3693 ./Core/Src/gpio.o
 .debug_macro   0x0001bc92      0x190 ./Core/Src/gpio.o
 .debug_macro   0x0001be22       0x5c ./Core/Src/gpio.o
 .debug_macro   0x0001be7e      0x980 ./Core/Src/gpio.o
 .debug_macro   0x0001c7fe      0x9e9 ./Core/Src/gpio.o
 .debug_macro   0x0001d1e7      0x115 ./Core/Src/gpio.o
 .debug_macro   0x0001d2fc      0x13e ./Core/Src/gpio.o
 .debug_macro   0x0001d43a       0xa5 ./Core/Src/gpio.o
 .debug_macro   0x0001d4df      0x174 ./Core/Src/gpio.o
 .debug_macro   0x0001d653      0x287 ./Core/Src/gpio.o
 .debug_macro   0x0001d8da       0x5f ./Core/Src/gpio.o
 .debug_macro   0x0001d939      0x236 ./Core/Src/gpio.o
 .debug_macro   0x0001db6f      0x12c ./Core/Src/gpio.o
 .debug_macro   0x0001dc9b      0x21e ./Core/Src/gpio.o
 .debug_macro   0x0001deb9       0x2e ./Core/Src/gpio.o
 .debug_macro   0x0001dee7      0x1b5 ./Core/Src/gpio.o
 .debug_macro   0x0001e09c       0xd6 ./Core/Src/gpio.o
 .debug_macro   0x0001e172      0x127 ./Core/Src/gpio.o
 .debug_macro   0x0001e299       0x7e ./Core/Src/gpio.o
 .debug_macro   0x0001e317       0x89 ./Core/Src/gpio.o
 .debug_macro   0x0001e3a0      0x293 ./Core/Src/gpio.o
 .debug_macro   0x0001e633       0xba ./Core/Src/gpio.o
 .debug_macro   0x0001e6ed      0x12d ./Core/Src/gpio.o
 .debug_macro   0x0001e81a      0x241 ./Core/Src/gpio.o
 .debug_macro   0x0001ea5b      0x20a ./Core/Src/gpio.o
 .debug_macro   0x0001ec65      0x149 ./Core/Src/gpio.o
 .debug_macro   0x0001edae       0xe8 ./Core/Src/gpio.o
 .debug_macro   0x0001ee96      0x1d5 ./Core/Src/gpio.o
 .debug_macro   0x0001f06b      0x1a6 ./Core/Src/gpio.o
 .debug_macro   0x0001f211      0x781 ./Core/Src/gpio.o
 .debug_macro   0x0001f992       0x61 ./Core/Src/gpio.o
 .debug_macro   0x0001f9f3       0xaa ./Core/Src/gpio.o
 .debug_macro   0x0001fa9d      0x1e6 ./Core/Src/gpio.o
 .debug_macro   0x0001fc83      0x199 ./Core/Src/gpio.o
 .debug_macro   0x0001fe1c      0x261 ./Core/Src/i2c.o
 .debug_macro   0x0002007d      0x3dd ./Core/Src/main.o
 .debug_macro   0x0002045a       0x61 ./Core/Src/main.o
 .debug_macro   0x000204bb       0x2a ./Core/Src/main.o
 .debug_macro   0x000204e5       0x43 ./Core/Src/main.o
 .debug_macro   0x00020528       0x34 ./Core/Src/main.o
 .debug_macro   0x0002055c       0x16 ./Core/Src/main.o
 .debug_macro   0x00020572       0x3c ./Core/Src/main.o
 .debug_macro   0x000205ae      0x370 ./Core/Src/main.o
 .debug_macro   0x0002091e       0x10 ./Core/Src/main.o
 .debug_macro   0x0002092e       0x16 ./Core/Src/main.o
 .debug_macro   0x00020944       0x4a ./Core/Src/main.o
 .debug_macro   0x0002098e       0x34 ./Core/Src/main.o
 .debug_macro   0x000209c2       0x10 ./Core/Src/main.o
 .debug_macro   0x000209d2       0x58 ./Core/Src/main.o
 .debug_macro   0x00020a2a       0x8e ./Core/Src/main.o
 .debug_macro   0x00020ab8       0x1c ./Core/Src/main.o
 .debug_macro   0x00020ad4      0x185 ./Core/Src/main.o
 .debug_macro   0x00020c59       0x16 ./Core/Src/main.o
 .debug_macro   0x00020c6f       0x16 ./Core/Src/main.o
 .debug_macro   0x00020c85      0x146 ./Core/Src/main.o
 .debug_macro   0x00020dcb       0x16 ./Core/Src/main.o
 .debug_macro   0x00020de1       0x16 ./Core/Src/main.o
 .debug_macro   0x00020df7       0x29 ./Core/Src/main.o
 .debug_macro   0x00020e20       0x16 ./Core/Src/main.o
 .debug_macro   0x00020e36       0x20 ./Core/Src/main.o
 .debug_macro   0x00020e56       0x65 ./Core/Src/main.o
 .debug_macro   0x00020ebb      0x20f ./Core/Src/main.o
 .debug_macro   0x000210ca      0x261 ./Core/Src/spi.o
 .debug_macro   0x0002132b      0x257 ./Core/Src/stm32f4xx_hal_msp.o
 .debug_macro   0x00021582      0x261 ./Core/Src/stm32f4xx_it.o
 .debug_macro   0x000217e3      0x1ee ./Core/Src/system_stm32f4xx.o
 .debug_macro   0x000219d1      0x24e ./Drivers/STM32F4xx_HAL_Driver/Src/stm32f4xx_hal.o
 .debug_macro   0x00021c1f      0x1ee ./Drivers/STM32F4xx_HAL_Driver/Src/stm32f4xx_hal_cortex.o
 .debug_macro   0x00021e0d      0x1f4 ./Drivers/STM32F4xx_HAL_Driver/Src/stm32f4xx_hal_gpio.o
 .debug_macro   0x00022001      0x23c ./Drivers/STM32F4xx_HAL_Driver/Src/stm32f4xx_hal_i2c.o
 .debug_macro   0x0002223d      0x1fa ./Drivers/STM32F4xx_HAL_Driver/Src/stm32f4xx_hal_pcd.o
 .debug_macro   0x00022437      0x1ee ./Drivers/STM32F4xx_HAL_Driver/Src/stm32f4xx_hal_pcd_ex.o
 .debug_macro   0x00022625      0x212 ./Drivers/STM32F4xx_HAL_Driver/Src/stm32f4xx_hal_rcc.o
 .debug_macro   0x00022837      0x215 ./Drivers/STM32F4xx_HAL_Driver/Src/stm32f4xx_ll_exti.o
 .debug_macro   0x00022a4c       0xe2 ./Drivers/STM32F4xx_HAL_Driver/Src/stm32f4xx_ll_exti.o
 .debug_macro   0x00022b2e      0x230 ./Drivers/STM32F4xx_HAL_Driver/Src/stm32f4xx_ll_gpio.o
 .debug_macro   0x00022d5e      0x143 ./Drivers/STM32F4xx_HAL_Driver/Src/stm32f4xx_ll_gpio.o
 .debug_macro   0x00022ea1      0x29d ./Drivers/STM32F4xx_HAL_Driver/Src/stm32f4xx_ll_spi.o
 .debug_macro   0x0002313e      0x23b ./Drivers/STM32F4xx_HAL_Driver/Src/stm32f4xx_ll_spi.o
 .debug_macro   0x00023379      0x1ee ./Drivers/STM32F4xx_HAL_Driver/Src/stm32f4xx_ll_usb.o
 .debug_macro   0x00023567      0x3e6 ./Middlewares/ST/STM32_USB_Device_Library/Class/CDC/Src/usbd_cdc.o
 .debug_macro   0x0002394d       0x9e ./Middlewares/ST/STM32_USB_Device_Library/Class/CDC/Src/usbd_cdc.o
 .debug_macro   0x000239eb      0x112 ./Middlewares/ST/STM32_USB_Device_Library/Class/CDC/Src/usbd_cdc.o
 .debug_macro   0x00023afd       0x56 ./Middlewares/ST/STM32_USB_Device_Library/Class/CDC/Src/usbd_cdc.o
 .debug_macro   0x00023b53       0x95 ./Middlewares/ST/STM32_USB_Device_Library/Class/CDC/Src/usbd_cdc.o
 .debug_macro   0x00023be8      0x3cd ./Middlewares/ST/STM32_USB_Device_Library/Core/Src/usbd_core.o
 .debug_macro   0x00023fb5      0x215 ./Middlewares/ST/STM32_USB_Device_Library/Core/Src/usbd_core.o
 .debug_macro   0x000241ca      0x3d7 ./Middlewares/ST/STM32_USB_Device_Library/Core/Src/usbd_ctlreq.o
 .debug_macro   0x000245a1      0x3d3 ./Middlewares/ST/STM32_USB_Device_Library/Core/Src/usbd_ioreq.o
 .debug_macro   0x00024974      0x40c ./USB_DEVICE/App/usb_device.o
 .debug_macro   0x00024d80       0x22 ./USB_DEVICE/App/usb_device.o
 .debug_macro   0x00024da2       0x16 ./USB_DEVICE/App/usb_device.o
 .debug_macro   0x00024db8      0x3f1 ./USB_DEVICE/App/usbd_cdc_if.o
 .debug_macro   0x000251a9       0x10 ./USB_DEVICE/App/usbd_cdc_if.o
 .debug_macro   0x000251b9      0x410 ./USB_DEVICE/App/usbd_desc.o
 .debug_macro   0x000255c9       0x1c ./USB_DEVICE/App/usbd_desc.o
 .debug_macro   0x000255e5      0x3f0 ./USB_DEVICE/Target/usbd_conf.o

.debug_line     0x00000000    0x1770b
 .debug_line    0x00000000      0xaa1 ./Core/Src/gpio.o
 .debug_line    0x00000aa1      0x8c9 ./Core/Src/i2c.o
 .debug_line    0x0000136a      0xb1b ./Core/Src/main.o
 .debug_line    0x00001e85      0x8f1 ./Core/Src/spi.o
 .debug_line    0x00002776      0x85c ./Core/Src/stm32f4xx_hal_msp.o
 .debug_line    0x00002fd2      0x922 ./Core/Src/stm32f4xx_it.o
 .debug_line    0x000038f4      0x7eb ./Core/Src/system_stm32f4xx.o
 .debug_line    0x000040df       0x7a ./Core/Startup/startup_stm32f407vgtx.o
 .debug_line    0x00004159      0xa67 ./Drivers/STM32F4xx_HAL_Driver/Src/stm32f4xx_hal.o
 .debug_line    0x00004bc0      0xd37 ./Drivers/STM32F4xx_HAL_Driver/Src/stm32f4xx_hal_cortex.o
 .debug_line    0x000058f7      0xbbf ./Drivers/STM32F4xx_HAL_Driver/Src/stm32f4xx_hal_gpio.o
 .debug_line    0x000064b6     0x3b14 ./Drivers/STM32F4xx_HAL_Driver/Src/stm32f4xx_hal_i2c.o
 .debug_line    0x00009fca     0x14b2 ./Drivers/STM32F4xx_HAL_Driver/Src/stm32f4xx_hal_pcd.o
 .debug_line    0x0000b47c      0x830 ./Drivers/STM32F4xx_HAL_Driver/Src/stm32f4xx_hal_pcd_ex.o
 .debug_line    0x0000bcac      0xe76 ./Drivers/STM32F4xx_HAL_Driver/Src/stm32f4xx_hal_rcc.o
 .debug_line    0x0000cb22      0x8ee ./Drivers/STM32F4xx_HAL_Driver/Src/stm32f4xx_ll_exti.o
 .debug_line    0x0000d410      0xb44 ./Drivers/STM32F4xx_HAL_Driver/Src/stm32f4xx_ll_gpio.o
 .debug_line    0x0000df54      0xa5d ./Drivers/STM32F4xx_HAL_Driver/Src/stm32f4xx_ll_spi.o
 .debug_line    0x0000e9b1     0x1d9b ./Drivers/STM32F4xx_HAL_Driver/Src/stm32f4xx_ll_usb.o
 .debug_line    0x0001074c      0xfba ./Middlewares/ST/STM32_USB_Device_Library/Class/CDC/Src/usbd_cdc.o
 .debug_line    0x00011706     0x1072 ./Middlewares/ST/STM32_USB_Device_Library/Core/Src/usbd_core.o
 .debug_line    0x00012778     0x1234 ./Middlewares/ST/STM32_USB_Device_Library/Core/Src/usbd_ctlreq.o
 .debug_line    0x000139ac      0xb79 ./Middlewares/ST/STM32_USB_Device_Library/Core/Src/usbd_ioreq.o
 .debug_line    0x00014525      0xb3f ./USB_DEVICE/App/usb_device.o
 .debug_line    0x00015064      0xb99 ./USB_DEVICE/App/usbd_cdc_if.o
 .debug_line    0x00015bfd      0xbe8 ./USB_DEVICE/App/usbd_desc.o
 .debug_line    0x000167e5      0xf26 ./USB_DEVICE/Target/usbd_conf.o

.debug_str      0x00000000    0xd2494
 .debug_str     0x00000000    0xd2494 ./Core/Src/gpio.o
                              0xc8375 (size before relaxing)
 .debug_str     0x000d2494    0xc8764 ./Core/Src/i2c.o
 .debug_str     0x000d2494    0xcc6a8 ./Core/Src/main.o
 .debug_str     0x000d2494    0xc8331 ./Core/Src/spi.o
 .debug_str     0x000d2494    0xc8199 ./Core/Src/stm32f4xx_hal_msp.o
 .debug_str     0x000d2494    0xc8523 ./Core/Src/stm32f4xx_it.o
 .debug_str     0x000d2494    0xbdda5 ./Core/Src/system_stm32f4xx.o
 .debug_str     0x000d2494       0x5e ./Core/Startup/startup_stm32f407vgtx.o
 .debug_str     0x000d2494    0xbe929 ./Drivers/STM32F4xx_HAL_Driver/Src/stm32f4xx_hal.o
 .debug_str     0x000d2494    0xbe6a5 ./Drivers/STM32F4xx_HAL_Driver/Src/stm32f4xx_hal_cortex.o
 .debug_str     0x000d2494    0xbdf20 ./Drivers/STM32F4xx_HAL_Driver/Src/stm32f4xx_hal_gpio.o
 .debug_str     0x000d2494    0xbedc3 ./Drivers/STM32F4xx_HAL_Driver/Src/stm32f4xx_hal_i2c.o
 .debug_str     0x000d2494    0xbe883 ./Drivers/STM32F4xx_HAL_Driver/Src/stm32f4xx_hal_pcd.o
 .debug_str     0x000d2494    0xbe173 ./Drivers/STM32F4xx_HAL_Driver/Src/stm32f4xx_hal_pcd_ex.o
 .debug_str     0x000d2494    0xbe1d9 ./Drivers/STM32F4xx_HAL_Driver/Src/stm32f4xx_hal_rcc.o
 .debug_str     0x000d2494    0xbe42d ./Drivers/STM32F4xx_HAL_Driver/Src/stm32f4xx_ll_exti.o
 .debug_str     0x000d2494    0xbf7ad ./Drivers/STM32F4xx_HAL_Driver/Src/stm32f4xx_ll_gpio.o
 .debug_str     0x000d2494    0xc457b ./Drivers/STM32F4xx_HAL_Driver/Src/stm32f4xx_ll_spi.o
 .debug_str     0x000d2494    0xbe75e ./Drivers/STM32F4xx_HAL_Driver/Src/stm32f4xx_ll_usb.o
 .debug_str     0x000d2494    0xcd296 ./Middlewares/ST/STM32_USB_Device_Library/Class/CDC/Src/usbd_cdc.o
 .debug_str     0x000d2494    0xccbef ./Middlewares/ST/STM32_USB_Device_Library/Core/Src/usbd_core.o
 .debug_str     0x000d2494    0xcca1a ./Middlewares/ST/STM32_USB_Device_Library/Core/Src/usbd_ctlreq.o
 .debug_str     0x000d2494    0xcc8ef ./Middlewares/ST/STM32_USB_Device_Library/Core/Src/usbd_ioreq.o
 .debug_str     0x000d2494    0xccca2 ./USB_DEVICE/App/usb_device.o
 .debug_str     0x000d2494    0xccd27 ./USB_DEVICE/App/usbd_cdc_if.o
 .debug_str     0x000d2494    0xcc7e7 ./USB_DEVICE/App/usbd_desc.o
 .debug_str     0x000d2494    0xcdae4 ./USB_DEVICE/Target/usbd_conf.o

.comment        0x00000000       0x43
 .comment       0x00000000       0x43 ./Core/Src/gpio.o
                                 0x44 (size before relaxing)
 .comment       0x00000043       0x44 ./Core/Src/i2c.o
 .comment       0x00000043       0x44 ./Core/Src/main.o
 .comment       0x00000043       0x44 ./Core/Src/spi.o
 .comment       0x00000043       0x44 ./Core/Src/stm32f4xx_hal_msp.o
 .comment       0x00000043       0x44 ./Core/Src/stm32f4xx_it.o
 .comment       0x00000043       0x44 ./Core/Src/system_stm32f4xx.o
 .comment       0x00000043       0x44 ./Drivers/STM32F4xx_HAL_Driver/Src/stm32f4xx_hal.o
 .comment       0x00000043       0x44 ./Drivers/STM32F4xx_HAL_Driver/Src/stm32f4xx_hal_cortex.o
 .comment       0x00000043       0x44 ./Drivers/STM32F4xx_HAL_Driver/Src/stm32f4xx_hal_gpio.o
 .comment       0x00000043       0x44 ./Drivers/STM32F4xx_HAL_Driver/Src/stm32f4xx_hal_i2c.o
 .comment       0x00000043       0x44 ./Drivers/STM32F4xx_HAL_Driver/Src/stm32f4xx_hal_pcd.o
 .comment       0x00000043       0x44 ./Drivers/STM32F4xx_HAL_Driver/Src/stm32f4xx_hal_pcd_ex.o
 .comment       0x00000043       0x44 ./Drivers/STM32F4xx_HAL_Driver/Src/stm32f4xx_hal_rcc.o
 .comment       0x00000043       0x44 ./Drivers/STM32F4xx_HAL_Driver/Src/stm32f4xx_ll_exti.o
 .comment       0x00000043       0x44 ./Drivers/STM32F4xx_HAL_Driver/Src/stm32f4xx_ll_gpio.o
 .comment       0x00000043       0x44 ./Drivers/STM32F4xx_HAL_Driver/Src/stm32f4xx_ll_spi.o
 .comment       0x00000043       0x44 ./Drivers/STM32F4xx_HAL_Driver/Src/stm32f4xx_ll_usb.o
 .comment       0x00000043       0x44 ./Middlewares/ST/STM32_USB_Device_Library/Class/CDC/Src/usbd_cdc.o
 .comment       0x00000043       0x44 ./Middlewares/ST/STM32_USB_Device_Library/Core/Src/usbd_core.o
 .comment       0x00000043       0x44 ./Middlewares/ST/STM32_USB_Device_Library/Core/Src/usbd_ctlreq.o
 .comment       0x00000043       0x44 ./Middlewares/ST/STM32_USB_Device_Library/Core/Src/usbd_ioreq.o
 .comment       0x00000043       0x44 ./USB_DEVICE/App/usb_device.o
 .comment       0x00000043       0x44 ./USB_DEVICE/App/usbd_cdc_if.o
 .comment       0x00000043       0x44 ./USB_DEVICE/App/usbd_desc.o
 .comment       0x00000043       0x44 ./USB_DEVICE/Target/usbd_conf.o

.debug_frame    0x00000000     0x413c
 .debug_frame   0x00000000      0x124 ./Core/Src/gpio.o
 .debug_frame   0x00000124       0x74 ./Core/Src/i2c.o
 .debug_frame   0x00000198       0x68 ./Core/Src/main.o
 .debug_frame   0x00000200       0xac ./Core/Src/spi.o
 .debug_frame   0x000002ac       0x34 ./Core/Src/stm32f4xx_hal_msp.o
 .debug_frame   0x000002e0      0x120 ./Core/Src/stm32f4xx_it.o
 .debug_frame   0x00000400       0x58 ./Core/Src/system_stm32f4xx.o
 .debug_frame   0x00000458      0x374 ./Drivers/STM32F4xx_HAL_Driver/Src/stm32f4xx_hal.o
 .debug_frame   0x000007cc      0x508 ./Drivers/STM32F4xx_HAL_Driver/Src/stm32f4xx_hal_cortex.o
 .debug_frame   0x00000cd4      0x14c ./Drivers/STM32F4xx_HAL_Driver/Src/stm32f4xx_hal_gpio.o
 .debug_frame   0x00000e20      0xc84 ./Drivers/STM32F4xx_HAL_Driver/Src/stm32f4xx_hal_i2c.o
 .debug_frame   0x00001aa4      0x5b8 ./Drivers/STM32F4xx_HAL_Driver/Src/stm32f4xx_hal_pcd.o
 .debug_frame   0x0000205c       0xb0 ./Drivers/STM32F4xx_HAL_Driver/Src/stm32f4xx_hal_pcd_ex.o
 .debug_frame   0x0000210c      0x1f4 ./Drivers/STM32F4xx_HAL_Driver/Src/stm32f4xx_hal_rcc.o
 .debug_frame   0x00002300      0x1bc ./Drivers/STM32F4xx_HAL_Driver/Src/stm32f4xx_ll_exti.o
 .debug_frame   0x000024bc      0x1c0 ./Drivers/STM32F4xx_HAL_Driver/Src/stm32f4xx_ll_gpio.o
 .debug_frame   0x0000267c      0x254 ./Drivers/STM32F4xx_HAL_Driver/Src/stm32f4xx_ll_spi.o
 .debug_frame   0x000028d0      0x7c0 ./Drivers/STM32F4xx_HAL_Driver/Src/stm32f4xx_ll_usb.o
 .debug_frame   0x00003090      0x23c ./Middlewares/ST/STM32_USB_Device_Library/Class/CDC/Src/usbd_cdc.o
 .debug_frame   0x000032cc      0x390 ./Middlewares/ST/STM32_USB_Device_Library/Core/Src/usbd_core.o
 .debug_frame   0x0000365c      0x23c ./Middlewares/ST/STM32_USB_Device_Library/Core/Src/usbd_ctlreq.o
 .debug_frame   0x00003898      0x10c ./Middlewares/ST/STM32_USB_Device_Library/Core/Src/usbd_ioreq.o
 .debug_frame   0x000039a4       0x2c ./USB_DEVICE/App/usb_device.o
 .debug_frame   0x000039d0       0xe4 ./USB_DEVICE/App/usbd_cdc_if.o
 .debug_frame   0x00003ab4      0x160 ./USB_DEVICE/App/usbd_desc.o
 .debug_frame   0x00003c14      0x47c ./USB_DEVICE/Target/usbd_conf.o
 .debug_frame   0x00004090       0x20 C:/ST/STM32CubeIDE_1.18.1/STM32CubeIDE/plugins/com.st.stm32cube.ide.mcu.externaltools.gnu-tools-for-stm32.13.3.rel1.win32_1.0.0.202411081344/tools/bin/../lib/gcc/arm-none-eabi/13.3.1/../../../../arm-none-eabi/lib/thumb/v7e-m+fp/hard\libc_nano.a(libc_a-memset.o)
 .debug_frame   0x000040b0       0x2c C:/ST/STM32CubeIDE_1.18.1/STM32CubeIDE/plugins/com.st.stm32cube.ide.mcu.externaltools.gnu-tools-for-stm32.13.3.rel1.win32_1.0.0.202411081344/tools/bin/../lib/gcc/arm-none-eabi/13.3.1/../../../../arm-none-eabi/lib/thumb/v7e-m+fp/hard\libc_nano.a(libc_a-init.o)
 .debug_frame   0x000040dc       0x2c C:/ST/STM32CubeIDE_1.18.1/STM32CubeIDE/plugins/com.st.stm32cube.ide.mcu.externaltools.gnu-tools-for-stm32.13.3.rel1.win32_1.0.0.202411081344/tools/bin/../lib/gcc/arm-none-eabi/13.3.1/thumb/v7e-m+fp/hard\libgcc.a(_aeabi_uldivmod.o)
 .debug_frame   0x00004108       0x34 C:/ST/STM32CubeIDE_1.18.1/STM32CubeIDE/plugins/com.st.stm32cube.ide.mcu.externaltools.gnu-tools-for-stm32.13.3.rel1.win32_1.0.0.202411081344/tools/bin/../lib/gcc/arm-none-eabi/13.3.1/thumb/v7e-m+fp/hard\libgcc.a(_udivmoddi4.o)

.debug_line_str
                0x00000000       0x42
 .debug_line_str
                0x00000000       0x42 ./Core/Startup/startup_stm32f407vgtx.o